Archive member included to satisfy reference by file (symbol)

c:/program files (x86)/atmel/studio/7.0/toolchain/arm/arm-gnu-toolchain/bin/../lib/gcc/arm-none-eabi/6.3.1/../../../../arm-none-eabi/lib/thumb/v7-m\libc.a(lib_a-exit.o)
                              c:/program files (x86)/atmel/studio/7.0/toolchain/arm/arm-gnu-toolchain/bin/../lib/gcc/arm-none-eabi/6.3.1/../../../../arm-none-eabi/lib/thumb/v7-m/crt0.o (exit)
c:/program files (x86)/atmel/studio/7.0/toolchain/arm/arm-gnu-toolchain/bin/../lib/gcc/arm-none-eabi/6.3.1/../../../../arm-none-eabi/lib/thumb/v7-m\libc.a(lib_a-impure.o)
                              c:/program files (x86)/atmel/studio/7.0/toolchain/arm/arm-gnu-toolchain/bin/../lib/gcc/arm-none-eabi/6.3.1/../../../../arm-none-eabi/lib/thumb/v7-m\libc.a(lib_a-exit.o) (_global_impure_ptr)
c:/program files (x86)/atmel/studio/7.0/toolchain/arm/arm-gnu-toolchain/bin/../lib/gcc/arm-none-eabi/6.3.1/../../../../arm-none-eabi/lib/thumb/v7-m\libc.a(lib_a-init.o)
                              c:/program files (x86)/atmel/studio/7.0/toolchain/arm/arm-gnu-toolchain/bin/../lib/gcc/arm-none-eabi/6.3.1/../../../../arm-none-eabi/lib/thumb/v7-m/crt0.o (__libc_init_array)
c:/program files (x86)/atmel/studio/7.0/toolchain/arm/arm-gnu-toolchain/bin/../lib/gcc/arm-none-eabi/6.3.1/../../../../arm-none-eabi/lib/thumb/v7-m\libc.a(lib_a-memset.o)
                              c:/program files (x86)/atmel/studio/7.0/toolchain/arm/arm-gnu-toolchain/bin/../lib/gcc/arm-none-eabi/6.3.1/../../../../arm-none-eabi/lib/thumb/v7-m/crt0.o (memset)
c:/program files (x86)/atmel/studio/7.0/toolchain/arm/arm-gnu-toolchain/bin/../lib/gcc/arm-none-eabi/6.3.1/../../../../arm-none-eabi/lib/thumb/v7-m\libc.a(lib_a-__call_atexit.o)
                              c:/program files (x86)/atmel/studio/7.0/toolchain/arm/arm-gnu-toolchain/bin/../lib/gcc/arm-none-eabi/6.3.1/../../../../arm-none-eabi/lib/thumb/v7-m\libc.a(lib_a-exit.o) (__call_exitprocs)
c:/program files (x86)/atmel/studio/7.0/toolchain/arm/arm-gnu-toolchain/bin/../lib/gcc/arm-none-eabi/6.3.1/../../../../arm-none-eabi/lib/thumb/v7-m\libc.a(lib_a-atexit.o)
                              c:/program files (x86)/atmel/studio/7.0/toolchain/arm/arm-gnu-toolchain/bin/../lib/gcc/arm-none-eabi/6.3.1/../../../../arm-none-eabi/lib/thumb/v7-m\libc.a(lib_a-__call_atexit.o) (atexit)
c:/program files (x86)/atmel/studio/7.0/toolchain/arm/arm-gnu-toolchain/bin/../lib/gcc/arm-none-eabi/6.3.1/../../../../arm-none-eabi/lib/thumb/v7-m\libc.a(lib_a-fini.o)
                              c:/program files (x86)/atmel/studio/7.0/toolchain/arm/arm-gnu-toolchain/bin/../lib/gcc/arm-none-eabi/6.3.1/../../../../arm-none-eabi/lib/thumb/v7-m\libc.a(lib_a-__call_atexit.o) (__libc_fini_array)
c:/program files (x86)/atmel/studio/7.0/toolchain/arm/arm-gnu-toolchain/bin/../lib/gcc/arm-none-eabi/6.3.1/../../../../arm-none-eabi/lib/thumb/v7-m\libc.a(lib_a-lock.o)
                              c:/program files (x86)/atmel/studio/7.0/toolchain/arm/arm-gnu-toolchain/bin/../lib/gcc/arm-none-eabi/6.3.1/../../../../arm-none-eabi/lib/thumb/v7-m\libc.a(lib_a-__call_atexit.o) (__retarget_lock_acquire_recursive)
c:/program files (x86)/atmel/studio/7.0/toolchain/arm/arm-gnu-toolchain/bin/../lib/gcc/arm-none-eabi/6.3.1/../../../../arm-none-eabi/lib/thumb/v7-m\libc.a(lib_a-__atexit.o)
                              c:/program files (x86)/atmel/studio/7.0/toolchain/arm/arm-gnu-toolchain/bin/../lib/gcc/arm-none-eabi/6.3.1/../../../../arm-none-eabi/lib/thumb/v7-m\libc.a(lib_a-atexit.o) (__register_exitproc)

Allocating common symbols
Common symbol       size              file

__lock___atexit_recursive_mutex
                    0x1               c:/program files (x86)/atmel/studio/7.0/toolchain/arm/arm-gnu-toolchain/bin/../lib/gcc/arm-none-eabi/6.3.1/../../../../arm-none-eabi/lib/thumb/v7-m\libc.a(lib_a-lock.o)
__lock___arc4random_mutex
                    0x1               c:/program files (x86)/atmel/studio/7.0/toolchain/arm/arm-gnu-toolchain/bin/../lib/gcc/arm-none-eabi/6.3.1/../../../../arm-none-eabi/lib/thumb/v7-m\libc.a(lib_a-lock.o)
__lock___env_recursive_mutex
                    0x1               c:/program files (x86)/atmel/studio/7.0/toolchain/arm/arm-gnu-toolchain/bin/../lib/gcc/arm-none-eabi/6.3.1/../../../../arm-none-eabi/lib/thumb/v7-m\libc.a(lib_a-lock.o)
__lock___sinit_recursive_mutex
                    0x1               c:/program files (x86)/atmel/studio/7.0/toolchain/arm/arm-gnu-toolchain/bin/../lib/gcc/arm-none-eabi/6.3.1/../../../../arm-none-eabi/lib/thumb/v7-m\libc.a(lib_a-lock.o)
__lock___malloc_recursive_mutex
                    0x1               c:/program files (x86)/atmel/studio/7.0/toolchain/arm/arm-gnu-toolchain/bin/../lib/gcc/arm-none-eabi/6.3.1/../../../../arm-none-eabi/lib/thumb/v7-m\libc.a(lib_a-lock.o)
rx_buffer           0x42              src/uart.o
__lock___at_quick_exit_mutex
[...]
Memory Configuration

Name             Origin             Length             Attributes
rom              0x00080000         0x00080000         xr
sram0            0x20000000         0x00010000         xrw
sram1            0x20080000         0x00008000         xrw
ram              0x20070000         0x00018000         xrw
*default*        0x00000000         0xffffffff

Linker script and memory map

LOAD c:/program files (x86)/atmel/studio/7.0/toolchain/arm/arm-gnu-toolchain/bin/../lib/gcc/arm-none-eabi/6.3.1/thumb/v7-m/crti.o
LOAD c:/program files (x86)/atmel/studio/7.0/toolchain/arm/arm-gnu-toolchain/bin/../lib/gcc/arm-none-eabi/6.3.1/thumb/v7-m/crtbegin.o
LOAD c:/program files (x86)/atmel/studio/7.0/toolchain/arm/arm-gnu-toolchain/bin/../lib/gcc/arm-none-eabi/6.3.1/../../../../arm-none-eabi/lib/thumb/v7-m/crt0.o
LOAD src/can_controller.o
LOAD src/can_interrupt.o
LOAD src/printf-stdarg.o
LOAD src/uart.o
LOAD src/ASF/common/services/delay/sam/cycle_counter.o
LOAD src/ASF/common/services/clock/sam3x/sysclk.o
LOAD src/ASF/common/utils/interrupt/interrupt_sam_nvic.o
LOAD src/ASF/sam/boards/arduino_due_x/init.o
LOAD src/ASF/sam/drivers/pio/pio.o
LOAD src/ASF/sam/drivers/pio/pio_handler.o
LOAD src/ASF/sam/drivers/pmc/pmc.o
LOAD src/ASF/sam/drivers/pmc/sleep.o
LOAD src/ASF/sam/utils/cmsis/sam3x/source/templates/exceptions.o
LOAD src/ASF/sam/utils/cmsis/sam3x/source/templates/gcc/startup_sam3x.o
LOAD src/ASF/sam/utils/cmsis/sam3x/source/templates/system_sam3x.o
LOAD src/ASF/sam/utils/syscalls/gcc/syscalls.o
LOAD src/main.o
START GROUP
LOAD ../src/ASF/thirdparty/CMSIS/Lib/GCC\libarm_cortexM3l_math.a
LOAD c:/program files (x86)/atmel/studio/7.0/toolchain/arm/arm-gnu-toolchain/bin/../lib/gcc/arm-none-eabi/6.3.1/../../../../arm-none-eabi/lib/thumb/v7-m\libm.a
END GROUP
START GROUP
LOAD c:/program files (x86)/atmel/studio/7.0/toolchain/arm/arm-gnu-toolchain/bin/../lib/gcc/arm-none-eabi/6.3.1/thumb/v7-m\libgcc.a
LOAD c:/program files (x86)/atmel/studio/7.0/toolchain/arm/arm-gnu-toolchain/bin/../lib/gcc/arm-none-eabi/6.3.1/../../../../arm-none-eabi/lib/thumb/v7-m\libc.a
END GROUP
LOAD c:/program files (x86)/atmel/studio/7.0/toolchain/arm/arm-gnu-toolchain/bin/../lib/gcc/arm-none-eabi/6.3.1/thumb/v7-m/crtend.o
LOAD c:/program files (x86)/atmel/studio/7.0/toolchain/arm/arm-gnu-toolchain/bin/../lib/gcc/arm-none-eabi/6.3.1/thumb/v7-m/crtn.o
                0x00002000                __stack_size__ = DEFINED (__stack_size__)?__stack_size__:0x2000
                0x20087ffc                __ram_end__ = ((ORIGIN (ram) + LENGTH (ram)) - 0x4)

.text           0x00080000     0x1094
                0x00080000                . = ALIGN (0x4)
                0x00080000                _sfixed = .
 *(.vectors .vectors.*)
 .vectors       0x00080000       0xf4 src/ASF/sam/utils/cmsis/sam3x/source/templates/gcc/startup_sam3x.o
                0x00080000                exception_table
 *(.text .text.* .gnu.linkonce.t.*)
 .text          0x000800f4       0x6c c:/program files (x86)/atmel/studio/7.0/toolchain/arm/arm-gnu-toolchain/bin/../lib/gcc/arm-none-eabi/6.3.1/thumb/v7-m/crtbegin.o
 .text.can_init
                0x00080160       0xf0 src/can_controller.o
                0x00080160                can_init
 .text.can_init_def_tx_rx_mb
                0x00080250       0x10 src/can_controller.o
                0x00080250                can_init_def_tx_rx_mb
 .text.can_send
                0x00080260       0x8c src/can_controller.o
                0x00080260                can_send
 .text.can_receive
                0x000802ec       0x84 src/can_controller.o
                0x000802ec                can_receive
 .text.CAN0_Handler
                0x00080370       0x70 src/can_interrupt.o
                0x00080370                CAN0_Handler
 .text.prints   0x000803e0       0xac src/printf-stdarg.o
 .text.printi   0x0008048c       0xbc src/printf-stdarg.o
 .text.print    0x00080548      0x160 src/printf-stdarg.o
 .text.iprintf  0x000806a8       0x24 src/printf-stdarg.o
                0x000806a8                iprintf
 .text.configure_uart
                0x000806cc       0x68 src/uart.o
                0x000806cc                configure_uart
 .text.uart_putchar
                0x00080734       0x24 src/uart.o
                0x00080734                uart_putchar
 .text.UART_Handler
                0x00080758       0x68 src/uart.o
                0x00080758                UART_Handler
 .text.sysclk_init
                0x000807c0       0x64 src/ASF/common/services/clock/sam3x/sysclk.o
                0x000807c0                sysclk_init
 .text.board_init
                0x00080824       0x80 src/ASF/sam/boards/arduino_due_x/init.o
                0x00080824                board_init
 .text.pio_set_peripheral
                0x000808a4       0x3e src/ASF/sam/drivers/pio/pio.o
                0x000808a4                pio_set_peripheral
 .text.pio_set_input
                0x000808e2       0x32 src/ASF/sam/drivers/pio/pio.o
                0x000808e2                pio_set_input
 .text.pio_set_output
                0x00080914       0x26 src/ASF/sam/drivers/pio/pio.o
                0x00080914                pio_set_output
 .text.pio_get_interrupt_status
                0x0008093a        0x4 src/ASF/sam/drivers/pio/pio.o
                0x0008093a                pio_get_interrupt_status
 .text.pio_get_interrupt_mask
                0x0008093e        0x4 src/ASF/sam/drivers/pio/pio.o
                0x0008093e                pio_get_interrupt_mask
 *fill*         0x00080942        0x2 
 .text.pio_configure_pin
                0x00080944       0xd0 src/ASF/sam/drivers/pio/pio.o
                0x00080944                pio_configure_pin
 .text.pio_configure_pin_group
                0x00080a14       0x9c src/ASF/sam/drivers/pio/pio.o
                0x00080a14                pio_configure_pin_group
 .text.pio_handler_process
                0x00080ab0       0x50 src/ASF/sam/drivers/pio/pio_handler.o
                0x00080ab0                pio_handler_process
 .text.PIOA_Handler
                0x00080b00       0x14 src/ASF/sam/drivers/pio/pio_handler.o
                0x00080b00                PIOA_Handler
 .text.PIOB_Handler
                0x00080b14       0x14 src/ASF/sam/drivers/pio/pio_handler.o
                0x00080b14                PIOB_Handler
 .text.PIOC_Handler
                0x00080b28       0x14 src/ASF/sam/drivers/pio/pio_handler.o
                0x00080b28                PIOC_Handler
 .text.PIOD_Handler
                0x00080b3c       0x14 src/ASF/sam/drivers/pio/pio_handler.o
                0x00080b3c                PIOD_Handler
 .text.pmc_switch_mck_to_pllack
                0x00080b50       0x64 src/ASF/sam/drivers/pmc/pmc.o
                0x00080b50                pmc_switch_mck_to_pllack
 .text.pmc_switch_mainck_to_xtal
                0x00080bb4       0x54 src/ASF/sam/drivers/pmc/pmc.o
                0x00080bb4                pmc_switch_mainck_to_xtal
 .text.pmc_osc_is_ready_mainck
                0x00080c08       0x10 src/ASF/sam/drivers/pmc/pmc.o
                0x00080c08                pmc_osc_is_ready_mainck
 .text.pmc_disable_pllack
                0x00080c18       0x10 src/ASF/sam/drivers/pmc/pmc.o
                0x00080c18                pmc_disable_pllack
 .text.pmc_is_locked_pllack
                0x00080c28       0x10 src/ASF/sam/drivers/pmc/pmc.o
                0x00080c28                pmc_is_locked_pllack
 .text.pmc_enable_periph_clk
                0x00080c38       0x20 src/ASF/sam/drivers/pmc/pmc.o
                0x00080c38                pmc_enable_periph_clk
 .text.Dummy_Handler
                0x00080c58        0x2 src/ASF/sam/utils/cmsis/sam3x/source/templates/exceptions.o
                0x00080c58                DACC_Handler
                0x00080c58                DebugMon_Handler
                0x00080c58                DMAC_Handler
                0x00080c58                TRNG_Handler
                0x00080c58                HardFault_Handler
                0x00080c58                TC2_Handler
                0x00080c58                SysTick_Handler
                0x00080c58                USART3_Handler
                0x00080c58                TWI1_Handler
                0x00080c58                PendSV_Handler
                0x00080c58                NMI_Handler
                0x00080c58                TC7_Handler
                0x00080c58                ADC_Handler
                0x00080c58                SMC_Handler
                0x00080c58                USART0_Handler
                0x00080c58                RTT_Handler
                0x00080c58                EFC1_Handler
                0x00080c58                RTC_Handler
                0x00080c58                UsageFault_Handler
                0x00080c58                TC6_Handler
                0x00080c58                WDT_Handler
                0x00080c58                TC4_Handler
                0x00080c58                TC1_Handler
                0x00080c58                HSMCI_Handler
                0x00080c58                TC3_Handler
                0x00080c58                Dummy_Handler
                0x00080c58                TWI0_Handler
                0x00080c58                USART1_Handler
                0x00080c58                SSC_Handler
                0x00080c58                EFC0_Handler
                0x00080c58                PMC_Handler
                0x00080c58                PWM_Handler
                0x00080c58                CAN1_Handler
                0x00080c58                MemManage_Handler
                0x00080c58                SUPC_Handler
                0x00080c58                SVC_Handler
                0x00080c58                TC8_Handler
                0x00080c58                USART2_Handler
                0x00080c58                EMAC_Handler
                0x00080c58                BusFault_Handler
                0x00080c58                RSTC_Handler
                0x00080c58                TC0_Handler
                0x00080c58                TC5_Handler
                0x00080c58                UOTGHS_Handler
                0x00080c58                SPI0_Handler
 *fill*         0x00080c5a        0x2 
 .text.Reset_Handler
                0x00080c5c       0x98 src/ASF/sam/utils/cmsis/sam3x/source/templates/gcc/startup_sam3x.o
                0x00080c5c                Reset_Handler
 .text.SystemCoreClockUpdate
                0x00080cf4      0x118 src/ASF/sam/utils/cmsis/sam3x/source/templates/system_sam3x.o
                0x00080cf4                SystemCoreClockUpdate
 .text.main     0x00080e0c       0x9c src/main.o
                0x00080e0c                main
 .text.__libc_init_array
                0x00080ea8       0x50 c:/program files (x86)/atmel/studio/7.0/toolchain/arm/arm-gnu-toolchain/bin/../lib/gcc/arm-none-eabi/6.3.1/../../../../arm-none-eabi/lib/thumb/v7-m\libc.a(lib_a-init.o)
                0x00080ea8                __libc_init_array
 .text.startup.register_fini
                0x00080ef8       0x14 c:/program files (x86)/atmel/studio/7.0/toolchain/arm/arm-gnu-toolchain/bin/../lib/gcc/arm-none-eabi/6.3.1/../../../../arm-none-eabi/lib/thumb/v7-m\libc.a(lib_a-__call_atexit.o)
 .text.atexit   0x00080f0c        0xc c:/program files (x86)/atmel/studio/7.0/toolchain/arm/arm-gnu-toolchain/bin/../lib/gcc/arm-none-eabi/6.3.1/../../../../arm-none-eabi/lib/thumb/v7-m\libc.a(lib_a-atexit.o)
                0x00080f0c                atexit
 .text.__libc_fini_array
                0x00080f18       0x34 c:/program files (x86)/atmel/studio/7.0/toolchain/arm/arm-gnu-toolchain/bin/../lib/gcc/arm-none-eabi/6.3.1/../../../../arm-none-eabi/lib/thumb/v7-m\libc.a(lib_a-fini.o)
                0x00080f18                __libc_fini_array
 .text.__retarget_lock_acquire_recursive
                0x00080f4c        0x4 c:/program files (x86)/atmel/studio/7.0/toolchain/arm/arm-gnu-toolchain/bin/../lib/gcc/arm-none-eabi/6.3.1/../../../../arm-none-eabi/lib/thumb/v7-m\libc.a(lib_a-lock.o)
                0x00080f4c                __retarget_lock_acquire_recursive
 .text.__retarget_lock_release_recursive
                0x00080f50        0x4 c:/program files (x86)/atmel/studio/7.0/toolchain/arm/arm-gnu-toolchain/bin/../lib/gcc/arm-none-eabi/6.3.1/../../../../arm-none-eabi/lib/thumb/v7-m\libc.a(lib_a-lock.o)
                0x00080f50                __retarget_lock_release_recursive
 .text.__register_exitproc
                0x00080f54       0xc4 c:/program files (x86)/atmel/studio/7.0/toolchain/arm/arm-gnu-toolchain/bin/../lib/gcc/arm-none-eabi/6.3.1/../../../../arm-none-eabi/lib/thumb/v7-m\libc.a(lib_a-__atexit.o)
                0x00080f54                __register_exitproc
 *(.glue_7t)
 .glue_7t       0x00081018        0x0 linker stubs
 *(.glue_7)
 .glue_7        0x00081018        0x0 linker stubs
 *(.rodata .rodata* .gnu.linkonce.r.*)
 .rodata.CAN0_Handler.str1.4
                0x00081018       0x2b src/can_interrupt.o
 *fill*         0x00081043        0x1 
 .rodata.print.str1.4
                0x00081044        0x7 src/printf-stdarg.o
 *fill*         0x0008104b        0x1 
 .rodata.UART_Handler.str1.4
                0x0008104c       0x20 src/uart.o
                                 0x1e (size before relaxing)
 .rodata._global_impure_ptr
                0x0008106c        0x4 c:/program files (x86)/atmel/studio/7.0/toolchain/arm/arm-gnu-toolchain/bin/../lib/gcc/arm-none-eabi/6.3.1/../../../../arm-none-eabi/lib/thumb/v7-m\libc.a(lib_a-impure.o)
                0x0008106c                _global_impure_ptr
 *(.ARM.extab* .gnu.linkonce.armextab.*)
                0x00081070                . = ALIGN (0x4)
 *(.init)
 .init          0x00081070        0x4 c:/program files (x86)/atmel/studio/7.0/toolchain/arm/arm-gnu-toolchain/bin/../lib/gcc/arm-none-eabi/6.3.1/thumb/v7-m/crti.o
                0x00081070                _init
 .init          0x00081074        0x8 c:/program files (x86)/atmel/studio/7.0/toolchain/arm/arm-gnu-toolchain/bin/../lib/gcc/arm-none-eabi/6.3.1/thumb/v7-m/crtn.o
                0x0008107c                . = ALIGN (0x4)
                0x0008107c                __preinit_array_start = .
 *(.preinit_array)
                0x0008107c                __preinit_array_end = .
                0x0008107c                . = ALIGN (0x4)
                0x0008107c                __init_array_start = .
 *(SORT(.init_array.*))
 .init_array.00000
                0x0008107c        0x4 c:/program files (x86)/atmel/studio/7.0/toolchain/arm/arm-gnu-toolchain/bin/../lib/gcc/arm-none-eabi/6.3.1/../../../../arm-none-eabi/lib/thumb/v7-m\libc.a(lib_a-__call_atexit.o)
 *(.init_array)
 .init_array    0x00081080        0x4 c:/program files (x86)/atmel/studio/7.0/toolchain/arm/arm-gnu-toolchain/bin/../lib/gcc/arm-none-eabi/6.3.1/thumb/v7-m/crtbegin.o
                0x00081084                __init_array_end = .
                0x00081084                . = ALIGN (0x4)
 *crtbegin.o(.ctors)
 *(EXCLUDE_FILE(*crtend.o) .ctors)
 *(SORT(.ctors.*))
 *crtend.o(.ctors)
                0x00081084                . = ALIGN (0x4)
 *(.fini)
 .fini          0x00081084        0x4 c:/program files (x86)/atmel/studio/7.0/toolchain/arm/arm-gnu-toolchain/bin/../lib/gcc/arm-none-eabi/6.3.1/thumb/v7-m/crti.o
                0x00081084                _fini
 .fini          0x00081088        0x8 c:/program files (x86)/atmel/studio/7.0/toolchain/arm/arm-gnu-toolchain/bin/../lib/gcc/arm-none-eabi/6.3.1/thumb/v7-m/crtn.o
                0x00081090                . = ALIGN (0x4)
                0x00081090                __fini_array_start = .
 *(.fini_array)
 .fini_array    0x00081090        0x4 c:/program files (x86)/atmel/studio/7.0/toolchain/arm/arm-gnu-toolchain/bin/../lib/gcc/arm-none-eabi/6.3.1/thumb/v7-m/crtbegin.o
 *(SORT(.fini_array.*))
                0x00081094                __fini_array_end = .
 *crtbegin.o(.dtors)
 *(EXCLUDE_FILE(*crtend.o) .dtors)
 *(SORT(.dtors.*))
 *crtend.o(.dtors)
                0x00081094                . = ALIGN (0x4)
                0x00081094                _efixed = .
                [!provide]                PROVIDE (__exidx_start, .)

.vfp11_veneer   0x00081094        0x0
 .vfp11_veneer  0x00081094        0x0 linker stubs

.v4_bx          0x00081094        0x0
 .v4_bx         0x00081094        0x0 linker stubs

.iplt           0x00081094        0x0
 .iplt          0x00081094        0x0 c:/program files (x86)/atmel/studio/7.0/toolchain/arm/arm-gnu-toolchain/bin/../lib/gcc/arm-none-eabi/6.3.1/thumb/v7-m/crtbegin.o

.eh_frame       0x00081094        0x0
 .eh_frame      0x00081094        0x0 c:/program files (x86)/atmel/studio/7.0/toolchain/arm/arm-gnu-toolchain/bin/../lib/gcc/arm-none-eabi/6.3.1/thumb/v7-m/crtbegin.o

.rel.dyn        0x00081094        0x0
 .rel.iplt      0x00081094        0x0 c:/program files (x86)/atmel/studio/7.0/toolchain/arm/arm-gnu-toolchain/bin/../lib/gcc/arm-none-eabi/6.3.1/thumb/v7-m/crtbegin.o

.jcr            0x00081094        0x0
 .jcr           0x00081094        0x0 c:/program files (x86)/atmel/studio/7.0/toolchain/arm/arm-gnu-toolchain/bin/../lib/gcc/arm-none-eabi/6.3.1/thumb/v7-m/crtbegin.o

.igot.plt       0x00081094        0x0
 .igot.plt      0x00081094        0x0 c:/program files (x86)/atmel/studio/7.0/toolchain/arm/arm-gnu-toolchain/bin/../lib/gcc/arm-none-eabi/6.3.1/thumb/v7-m/crtbegin.o

.ARM.exidx
 *(.ARM.exidx* .gnu.linkonce.armexidx.*)
                [!provide]                PROVIDE (__exidx_end, .)
                0x00081094                . = ALIGN (0x4)
                0x00081094                _etext = .

.relocate       0x20070000      0x56c load address 0x00081094
                0x20070000                . = ALIGN (0x4)
                0x20070000                _srelocate = .
 *(.ramfunc .ramfunc.*)
 .ramfunc       0x20070000        0xa src/ASF/common/services/delay/sam/cycle_counter.o
                0x20070000                portable_delay_cycles
 *fill*         0x2007000a        0x2 
 .ramfunc       0x2007000c      0x12c src/ASF/sam/utils/cmsis/sam3x/source/templates/system_sam3x.o
                0x2007000c                SystemInit
                0x200700b0                system_init_flash
 *(.data .data.*)
 .data.SystemCoreClock
                0x20070138        0x4 src/ASF/sam/utils/cmsis/sam3x/source/templates/system_sam3x.o
                0x20070138                SystemCoreClock
 *fill*         0x2007013c        0x4 
 .data.impure_data
                0x20070140      0x428 c:/program files (x86)/atmel/studio/7.0/toolchain/arm/arm-gnu-toolchain/bin/../lib/gcc/arm-none-eabi/6.3.1/../../../../arm-none-eabi/lib/thumb/v7-m\libc.a(lib_a-impure.o)
 .data.__atexit_recursive_mutex
                0x20070568        0x4 c:/program files (x86)/atmel/studio/7.0/toolchain/arm/arm-gnu-toolchain/bin/../lib/gcc/arm-none-eabi/6.3.1/../../../../arm-none-eabi/lib/thumb/v7-m\libc.a(lib_a-__call_atexit.o)
                0x20070568                __atexit_recursive_mutex
                0x2007056c                . = ALIGN (0x4)
                0x2007056c                _erelocate = .

.bss            0x2007056c       0xf4 load address 0x00081600
                0x2007056c                . = ALIGN (0x4)
                0x2007056c                _sbss = .
                0x2007056c                _szero = .
 *(.bss .bss.*)
 .bss           0x2007056c       0x1c c:/program files (x86)/atmel/studio/7.0/toolchain/arm/arm-gnu-toolchain/bin/../lib/gcc/arm-none-eabi/6.3.1/thumb/v7-m/crtbegin.o
 .bss.gs_interrupt_sources
                0x20070588       0x70 src/ASF/sam/drivers/pio/pio_handler.o
 *(COMMON)
 COMMON         0x200705f8       0x42 src/uart.o
                0x200705f8                rx_buffer
 *fill*         0x2007063a        0x2 
 COMMON         0x2007063c       0x21 c:/program files (x86)/atmel/studio/7.0/toolchain/arm/arm-gnu-toolchain/bin/../lib/gcc/arm-none-eabi/6.3.1/../../../../arm-none-eabi/lib/thumb/v7-m\libc.a(lib_a-lock.o)
                0x2007063c                __lock___atexit_recursive_mutex
                0x20070640                __lock___arc4random_mutex
                0x20070644                __lock___env_recursive_mutex
                0x20070648                __lock___sinit_recursive_mutex
                0x2007064c                __lock___malloc_recursive_mutex
                0x20070650                __lock___at_quick_exit_mutex
                0x20070654                __lock___dd_hash_mutex
                0x20070658                __lock___tz_mutex
                0x2007065c                __lock___sfp_recursive_mutex
                0x20070660                . = ALIGN (0x4)
 *fill*         0x2007065d        0x3 
                0x20070660                _ebss = .
                0x20070660                _ezero = .

.stack          0x20070660     0x2000 load address 0x000816f4
                0x20070660                . = ALIGN (0x8)
                0x20070660                _sstack = .
                0x20072660                . = (. + __stack_size__)
 *fill*         0x20070660     0x2000 
                0x20072660                . = ALIGN (0x8)
                0x20072660                _estack = .
                0x20072660                . = ALIGN (0x4)
                0x20072660                _end = .
OUTPUT(TTK4155-node2.elf elf32-littlearm)

.ARM.attributes
                0x00000000       0x29
 .ARM.attributes
                0x00000000       0x1d c:/program files (x86)/atmel/studio/7.0/toolchain/arm/arm-gnu-toolchain/bin/../lib/gcc/arm-none-eabi/6.3.1/thumb/v7-m/crti.o
 .ARM.attributes
                0x0000001d       0x2d c:/program files (x86)/atmel/studio/7.0/toolchain/arm/arm-gnu-toolchain/bin/../lib/gcc/arm-none-eabi/6.3.1/thumb/v7-m/crtbegin.o
 .ARM.attributes
                0x0000004a       0x33 src/can_controller.o
 .ARM.attributes
                0x0000007d       0x33 src/can_interrupt.o
 .ARM.attributes
                0x000000b0       0x33 src/printf-stdarg.o
 .ARM.attributes
                0x000000e3       0x33 src/uart.o
 .ARM.attributes
                0x00000116       0x33 src/ASF/common/services/delay/sam/cycle_counter.o
 .ARM.attributes
                0x00000149       0x33 src/ASF/common/services/clock/sam3x/sysclk.o
 .ARM.attributes
                0x0000017c       0x33 src/ASF/sam/boards/arduino_due_x/init.o
 .ARM.attributes
                0x000001af       0x33 src/ASF/sam/drivers/pio/pio.o
 .ARM.attributes
                0x000001e2       0x33 src/ASF/sam/drivers/pio/pio_handler.o
 .ARM.attributes
                0x00000215       0x33 src/ASF/sam/drivers/pmc/pmc.o
 .ARM.attributes
                0x00000248       0x33 src/ASF/sam/utils/cmsis/sam3x/source/templates/exceptions.o
 .ARM.attributes
                0x0000027b       0x33 src/ASF/sam/utils/cmsis/sam3x/source/templates/gcc/startup_sam3x.o
 .ARM.attributes
                0x000002ae       0x33 src/ASF/sam/utils/cmsis/sam3x/source/templates/system_sam3x.o
 .ARM.attributes
                0x000002e1       0x33 src/main.o
 .ARM.attributes
                0x00000314       0x2d c:/program files (x86)/atmel/studio/7.0/toolchain/arm/arm-gnu-toolchain/bin/../lib/gcc/arm-none-eabi/6.3.1/../../../../arm-none-eabi/lib/thumb/v7-m\libc.a(lib_a-impure.o)
 .ARM.attributes
                0x00000341       0x2d c:/program files (x86)/atmel/studio/7.0/toolchain/arm/arm-gnu-toolchain/bin/../lib/gcc/arm-none-eabi/6.3.1/../../../../arm-none-eabi/lib/thumb/v7-m\libc.a(lib_a-init.o)
 .ARM.attributes
                0x0000036e       0x2d c:/program files (x86)/atmel/studio/7.0/toolchain/arm/arm-gnu-toolchain/bin/../lib/gcc/arm-none-eabi/6.3.1/../../../../arm-none-eabi/lib/thumb/v7-m\libc.a(lib_a-__call_atexit.o)
 .ARM.attributes
                0x0000039b       0x2d c:/program files (x86)/atmel/studio/7.0/toolchain/arm/arm-gnu-toolchain/bin/../lib/gcc/arm-none-eabi/6.3.1/../../../../arm-none-eabi/lib/thumb/v7-m\libc.a(lib_a-atexit.o)
 .ARM.attributes
                0x000003c8       0x2d c:/program files (x86)/atmel/studio/7.0/toolchain/arm/arm-gnu-toolchain/bin/../lib/gcc/arm-none-eabi/6.3.1/../../../../arm-none-eabi/lib/thumb/v7-m\libc.a(lib_a-fini.o)
 .ARM.attributes
                0x000003f5       0x2d c:/program files (x86)/atmel/studio/7.0/toolchain/arm/arm-gnu-toolchain/bin/../lib/gcc/arm-none-eabi/6.3.1/../../../../arm-none-eabi/lib/thumb/v7-m\libc.a(lib_a-lock.o)
 .ARM.attributes
                0x00000422       0x2d c:/program files (x86)/atmel/studio/7.0/toolchain/arm/arm-gnu-toolchain/bin/../lib/gcc/arm-none-eabi/6.3.1/../../../../arm-none-eabi/lib/thumb/v7-m\libc.a(lib_a-__atexit.o)
 .ARM.attributes
                0x0000044f       0x1d c:/program files (x86)/atmel/studio/7.0/toolchain/arm/arm-gnu-toolchain/bin/../lib/gcc/arm-none-eabi/6.3.1/thumb/v7-m/crtn.o

.comment        0x00000000       0x59
 .comment       0x00000000       0x59 src/can_controller.o
                                 0x5a (size before relaxing)
 .comment       0x00000059       0x5a src/can_interrupt.o
 .comment       0x00000059       0x5a src/printf-stdarg.o
 .comment       0x00000059       0x5a src/uart.o
 .comment       0x00000059       0x5a src/ASF/common/services/delay/sam/cycle_counter.o
 .comment       0x00000059       0x5a src/ASF/common/services/clock/sam3x/sysclk.o
 .comment       0x00000059       0x5a src/ASF/sam/boards/arduino_due_x/init.o
 .comment       0x00000059       0x5a src/ASF/sam/drivers/pio/pio.o
 .comment       0x00000059       0x5a src/ASF/sam/drivers/pio/pio_handler.o
 .comment       0x00000059       0x5a src/ASF/sam/drivers/pmc/pmc.o
 .comment       0x00000059       0x5a src/ASF/sam/utils/cmsis/sam3x/source/templates/exceptions.o
 .comment       0x00000059       0x5a src/ASF/sam/utils/cmsis/sam3x/source/templates/gcc/startup_sam3x.o
 .comment       0x00000059       0x5a src/ASF/sam/utils/cmsis/sam3x/source/templates/system_sam3x.o
 .comment       0x00000059       0x5a src/main.o

.debug_info     0x00000000     0xf2d5
 .debug_info    0x00000000     0x16c9 src/can_controller.o
 .debug_info    0x000016c9      0xff2 src/can_interrupt.o
 .debug_info    0x000026bb      0x65f src/printf-stdarg.o
 .debug_info    0x00002d1a     0x158b src/uart.o
 .debug_info    0x000042a5      0xa45 src/ASF/common/services/delay/sam/cycle_counter.o
 .debug_info    0x00004cea     0x11ad src/ASF/common/services/clock/sam3x/sysclk.o
 .debug_info    0x00005e97     0x108a src/ASF/sam/boards/arduino_due_x/init.o
 .debug_info    0x00006f21     0x1c61 src/ASF/sam/drivers/pio/pio.o
 .debug_info    0x00008b82     0x17be src/ASF/sam/drivers/pio/pio_handler.o
 .debug_info    0x0000a340     0x1a59 src/ASF/sam/drivers/pmc/pmc.o
 .debug_info    0x0000bd99      0xa39 src/ASF/sam/utils/cmsis/sam3x/source/templates/exceptions.o
 .debug_info    0x0000c7d2      0xd1b src/ASF/sam/utils/cmsis/sam3x/source/templates/gcc/startup_sam3x.o
 .debug_info    0x0000d4ed      0xdc2 src/ASF/sam/utils/cmsis/sam3x/source/templates/system_sam3x.o
 .debug_info    0x0000e2af     0x1026 src/main.o

.debug_abbrev   0x00000000     0x238e
 .debug_abbrev  0x00000000      0x2b2 src/can_controller.o
 .debug_abbrev  0x000002b2      0x2a9 src/can_interrupt.o
 .debug_abbrev  0x0000055b      0x1e6 src/printf-stdarg.o
 .debug_abbrev  0x00000741      0x2cc src/uart.o
 .debug_abbrev  0x00000a0d      0x1b3 src/ASF/common/services/delay/sam/cycle_counter.o
 .debug_abbrev  0x00000bc0      0x330 src/ASF/common/services/clock/sam3x/sysclk.o
 .debug_abbrev  0x00000ef0      0x262 src/ASF/sam/boards/arduino_due_x/init.o
 .debug_abbrev  0x00001152      0x3c7 src/ASF/sam/drivers/pio/pio.o
 .debug_abbrev  0x00001519      0x329 src/ASF/sam/drivers/pio/pio_handler.o
 .debug_abbrev  0x00001842      0x335 src/ASF/sam/drivers/pmc/pmc.o
 .debug_abbrev  0x00001b77      0x1a4 src/ASF/sam/utils/cmsis/sam3x/source/templates/exceptions.o
 .debug_abbrev  0x00001d1b      0x1f2 src/ASF/sam/utils/cmsis/sam3x/source/templates/gcc/startup_sam3x.o
 .debug_abbrev  0x00001f0d      0x1f4 src/ASF/sam/utils/cmsis/sam3x/source/templates/system_sam3x.o
 .debug_abbrev  0x00002101      0x28d src/main.o

.debug_loc      0x00000000     0x2c66
 .debug_loc     0x00000000      0x2d8 src/can_controller.o
 .debug_loc     0x000002d8       0x78 src/can_interrupt.o
 .debug_loc     0x00000350      0xb0a src/printf-stdarg.o
 .debug_loc     0x00000e5a       0xce src/uart.o
 .debug_loc     0x00000f28      0x183 src/ASF/common/services/clock/sam3x/sysclk.o
 .debug_loc     0x000010ab       0x70 src/ASF/sam/boards/arduino_due_x/init.o
 .debug_loc     0x0000111b      0xacc src/ASF/sam/drivers/pio/pio.o
 .debug_loc     0x00001be7      0x569 src/ASF/sam/drivers/pio/pio_handler.o
 .debug_loc     0x00002150      0xa54 src/ASF/sam/drivers/pmc/pmc.o
 .debug_loc     0x00002ba4       0x6b src/ASF/sam/utils/cmsis/sam3x/source/templates/gcc/startup_sam3x.o
 .debug_loc     0x00002c0f       0x57 src/main.o

.debug_aranges  0x00000000      0x588
 .debug_aranges
                0x00000000       0x38 src/can_controller.o
 .debug_aranges
                0x00000038       0x20 src/can_interrupt.o
 .debug_aranges
                0x00000058       0x48 src/printf-stdarg.o
 .debug_aranges
                0x000000a0       0x38 src/uart.o
 .debug_aranges
                0x000000d8       0x20 src/ASF/common/services/delay/sam/cycle_counter.o
 .debug_aranges
                0x000000f8       0x40 src/ASF/common/services/clock/sam3x/sysclk.o
 .debug_aranges
                0x00000138       0x20 src/ASF/sam/boards/arduino_due_x/init.o
 .debug_aranges
                0x00000158      0x148 src/ASF/sam/drivers/pio/pio.o
 .debug_aranges
                0x000002a0       0x58 src/ASF/sam/drivers/pio/pio_handler.o
 .debug_aranges
                0x000002f8      0x200 src/ASF/sam/drivers/pmc/pmc.o
 .debug_aranges
                0x000004f8       0x20 src/ASF/sam/utils/cmsis/sam3x/source/templates/exceptions.o
 .debug_aranges
                0x00000518       0x20 src/ASF/sam/utils/cmsis/sam3x/source/templates/gcc/startup_sam3x.o
 .debug_aranges
                0x00000538       0x30 src/ASF/sam/utils/cmsis/sam3x/source/templates/system_sam3x.o
 .debug_aranges
                0x00000568       0x20 src/main.o

.debug_ranges   0x00000000      0x520
 .debug_ranges  0x00000000       0x28 src/can_controller.o
 .debug_ranges  0x00000028       0x28 src/can_interrupt.o
 .debug_ranges  0x00000050       0x68 src/printf-stdarg.o
 .debug_ranges  0x000000b8       0x28 src/uart.o
 .debug_ranges  0x000000e0       0x10 src/ASF/common/services/delay/sam/cycle_counter.o
 .debug_ranges  0x000000f0       0x30 src/ASF/common/services/clock/sam3x/sysclk.o
 .debug_ranges  0x00000120       0x10 src/ASF/sam/boards/arduino_due_x/init.o
 .debug_ranges  0x00000130      0x150 src/ASF/sam/drivers/pio/pio.o
 .debug_ranges  0x00000280       0x60 src/ASF/sam/drivers/pio/pio_handler.o
 .debug_ranges  0x000002e0      0x1f0 src/ASF/sam/drivers/pmc/pmc.o
 .debug_ranges  0x000004d0       0x10 src/ASF/sam/utils/cmsis/sam3x/source/templates/exceptions.o
 .debug_ranges  0x000004e0       0x10 src/ASF/sam/utils/cmsis/sam3x/source/templates/gcc/startup_sam3x.o
 .debug_ranges  0x000004f0       0x20 src/ASF/sam/utils/cmsis/sam3x/source/templates/system_sam3x.o
 .debug_ranges  0x00000510       0x10 src/main.o

.debug_macro    0x00000000    0x17677
 .debug_macro   0x00000000      0x65b src/can_controller.o
 .debug_macro   0x0000065b      0x8ce src/can_controller.o
 .debug_macro   0x00000f29       0x22 src/can_controller.o
 .debug_macro   0x00000f4b       0x87 src/can_controller.o
 .debug_macro   0x00000fd2       0x51 src/can_controller.o
 .debug_macro   0x00001023       0xef src/can_controller.o
 .debug_macro   0x00001112       0x6a src/can_controller.o
 .debug_macro   0x0000117c      0x1df src/can_controller.o
 .debug_macro   0x0000135b      0x16d src/can_controller.o
 .debug_macro   0x000014c8      0x6d7 src/can_controller.o
 .debug_macro   0x00001b9f       0x76 src/can_controller.o
 .debug_macro   0x00001c15       0x16 src/can_controller.o
 .debug_macro   0x00001c2b      0x6da src/can_controller.o
 .debug_macro   0x00002305       0x26 src/can_controller.o
 .debug_macro   0x0000232b       0x3a src/can_controller.o
 .debug_macro   0x00002365       0x2d src/can_controller.o
 .debug_macro   0x00002392      0xbb1 src/can_controller.o
 .debug_macro   0x00002f43      0xaac src/can_controller.o
 .debug_macro   0x000039ef      0x55f src/can_controller.o
 .debug_macro   0x00003f4e      0x2ab src/can_controller.o
 .debug_macro   0x000041f9      0x310 src/can_controller.o
 .debug_macro   0x00004509      0x746 src/can_controller.o
 .debug_macro   0x00004c4f       0x82 src/can_controller.o
 .debug_macro   0x00004cd1      0x571 src/can_controller.o
 .debug_macro   0x00005242       0x1c src/can_controller.o
 .debug_macro   0x0000525e      0x6ae src/can_controller.o
 .debug_macro   0x0000590c      0x523 src/can_controller.o
 .debug_macro   0x00005e2f       0xbe src/can_controller.o
 .debug_macro   0x00005eed     0x2338 src/can_controller.o
 .debug_macro   0x00008225      0x853 src/can_controller.o
 .debug_macro   0x00008a78      0xdbf src/can_controller.o
 .debug_macro   0x00009837       0x7c src/can_controller.o
 .debug_macro   0x000098b3      0x25a src/can_controller.o
 .debug_macro   0x00009b0d       0x58 src/can_controller.o
 .debug_macro   0x00009b65      0x99e src/can_controller.o
 .debug_macro   0x0000a503      0x240 src/can_controller.o
 .debug_macro   0x0000a743      0x4d5 src/can_controller.o
 .debug_macro   0x0000ac18      0x6a9 src/can_controller.o
 .debug_macro   0x0000b2c1      0x595 src/can_controller.o
 .debug_macro   0x0000b856       0x46 src/can_controller.o
 .debug_macro   0x0000b89c      0x344 src/can_controller.o
 .debug_macro   0x0000bbe0      0x283 src/can_controller.o
 .debug_macro   0x0000be63     0x14d7 src/can_controller.o
 .debug_macro   0x0000d33a      0x7b0 src/can_controller.o
 .debug_macro   0x0000daea       0x76 src/can_controller.o
 .debug_macro   0x0000db60       0x82 src/can_controller.o
 .debug_macro   0x0000dbe2       0x76 src/can_controller.o
 .debug_macro   0x0000dc58       0x4c src/can_controller.o
 .debug_macro   0x0000dca4      0x100 src/can_controller.o
 .debug_macro   0x0000dda4      0x100 src/can_controller.o
 .debug_macro   0x0000dea4      0x100 src/can_controller.o
 .debug_macro   0x0000dfa4       0x88 src/can_controller.o
 .debug_macro   0x0000e02c       0x88 src/can_controller.o
 .debug_macro   0x0000e0b4      0x3b4 src/can_controller.o
 .debug_macro   0x0000e468       0xb8 src/can_controller.o
 .debug_macro   0x0000e520       0xb8 src/can_controller.o
 .debug_macro   0x0000e5d8       0xb8 src/can_controller.o
 .debug_macro   0x0000e690       0xb8 src/can_controller.o
 .debug_macro   0x0000e748      0x2b8 src/can_controller.o
 .debug_macro   0x0000ea00      0x11b src/can_controller.o
 .debug_macro   0x0000eb1b      0x21b src/can_controller.o
 .debug_macro   0x0000ed36      0x21b src/can_controller.o
 .debug_macro   0x0000ef51       0x2e src/can_controller.o
 .debug_macro   0x0000ef7f       0xac src/can_controller.o
 .debug_macro   0x0000f02b      0x143 src/can_controller.o
 .debug_macro   0x0000f16e       0x7c src/can_controller.o
 .debug_macro   0x0000f1ea      0x1fb src/can_controller.o
 .debug_macro   0x0000f3e5       0x64 src/can_controller.o
 .debug_macro   0x0000f449       0xa6 src/can_controller.o
 .debug_macro   0x0000f4ef       0x7c src/can_controller.o
 .debug_macro   0x0000f56b       0x16 src/can_controller.o
 .debug_macro   0x0000f581       0x22 src/can_controller.o
 .debug_macro   0x0000f5a3       0x22 src/can_controller.o
 .debug_macro   0x0000f5c5      0x10c src/can_controller.o
 .debug_macro   0x0000f6d1      0x10c src/can_controller.o
 .debug_macro   0x0000f7dd      0x10c src/can_controller.o
 .debug_macro   0x0000f8e9      0x10c src/can_controller.o
 .debug_macro   0x0000f9f5       0x1c src/can_controller.o
 .debug_macro   0x0000fa11       0x2e src/can_controller.o
 .debug_macro   0x0000fa3f       0x22 src/can_controller.o
 .debug_macro   0x0000fa61       0x1c src/can_controller.o
 .debug_macro   0x0000fa7d       0x58 src/can_controller.o
 .debug_macro   0x0000fad5       0x10 src/can_controller.o
 .debug_macro   0x0000fae5      0x273 src/can_controller.o
 .debug_macro   0x0000fd58      0xd39 src/can_controller.o
 .debug_macro   0x00010a91      0x131 src/can_controller.o
 .debug_macro   0x00010bc2       0x58 src/can_controller.o
 .debug_macro   0x00010c1a       0x35 src/can_controller.o
 .debug_macro   0x00010c4f       0x9c src/can_controller.o
 .debug_macro   0x00010ceb       0x16 src/can_controller.o
 .debug_macro   0x00010d01       0x35 src/can_controller.o
 .debug_macro   0x00010d36      0x353 src/can_controller.o
 .debug_macro   0x00011089       0x10 src/can_controller.o
 .debug_macro   0x00011099       0x58 src/can_controller.o
 .debug_macro   0x000110f1       0x1f src/can_controller.o
 .debug_macro   0x00011110       0x43 src/can_controller.o
 .debug_macro   0x00011153       0x20 src/can_controller.o
 .debug_macro   0x00011173      0x187 src/can_controller.o
 .debug_macro   0x000112fa       0x10 src/can_controller.o
 .debug_macro   0x0001130a       0x1c src/can_controller.o
 .debug_macro   0x00011326       0x52 src/can_controller.o
 .debug_macro   0x00011378       0x40 src/can_controller.o
 .debug_macro   0x000113b8       0x10 src/can_controller.o
 .debug_macro   0x000113c8       0x40 src/can_controller.o
 .debug_macro   0x00011408       0xd7 src/can_controller.o
 .debug_macro   0x000114df       0x16 src/can_controller.o
 .debug_macro   0x000114f5      0x18b src/can_controller.o
 .debug_macro   0x00011680       0x22 src/can_controller.o
 .debug_macro   0x000116a2       0x16 src/can_controller.o
 .debug_macro   0x000116b8       0x16 src/can_controller.o
 .debug_macro   0x000116ce       0x29 src/can_controller.o
 .debug_macro   0x000116f7       0x73 src/can_controller.o
 .debug_macro   0x0001176a       0x44 src/can_controller.o
 .debug_macro   0x000117ae      0x3ca src/can_controller.o
 .debug_macro   0x00011b78       0x34 src/can_controller.o
 .debug_macro   0x00011bac      0x2c3 src/can_controller.o
 .debug_macro   0x00011e6f      0x78f src/can_controller.o
 .debug_macro   0x000125fe       0x5e src/can_controller.o
 .debug_macro   0x0001265c       0x64 src/can_controller.o
 .debug_macro   0x000126c0       0x5f src/can_controller.o
 .debug_macro   0x0001271f       0x90 src/can_controller.o
 .debug_macro   0x000127af       0x28 src/can_controller.o
 .debug_macro   0x000127d7       0x22 src/can_controller.o
 .debug_macro   0x000127f9       0x94 src/can_controller.o
 .debug_macro   0x0001288d       0x40 src/can_controller.o
 .debug_macro   0x000128cd       0x70 src/can_controller.o
 .debug_macro   0x0001293d       0x34 src/can_controller.o
 .debug_macro   0x00012971      0x66c src/can_interrupt.o
 .debug_macro   0x00012fdd       0x52 src/can_interrupt.o
 .debug_macro   0x0001302f       0x8d src/can_interrupt.o
 .debug_macro   0x000130bc       0x57 src/can_interrupt.o
 .debug_macro   0x00013113       0x97 src/can_interrupt.o
 .debug_macro   0x000131aa       0xf6 src/can_interrupt.o
 .debug_macro   0x000132a0       0x20 src/can_interrupt.o
 .debug_macro   0x000132c0       0x8e src/printf-stdarg.o
 .debug_macro   0x0001334e       0x58 src/printf-stdarg.o
 .debug_macro   0x000133a6      0x64f src/uart.o
 .debug_macro   0x000139f5       0x10 src/uart.o
 .debug_macro   0x00013a05      0x55f src/ASF/common/services/delay/sam/cycle_counter.o
 .debug_macro   0x00013f64       0x22 src/ASF/common/services/delay/sam/cycle_counter.o
 .debug_macro   0x00013f86      0x5d1 src/ASF/common/services/clock/sam3x/sysclk.o
 .debug_macro   0x00014557      0x2bd src/ASF/common/services/clock/sam3x/sysclk.o
 .debug_macro   0x00014814      0x616 src/ASF/sam/boards/arduino_due_x/init.o
 .debug_macro   0x00014e2a       0x16 src/ASF/sam/boards/arduino_due_x/init.o
 .debug_macro   0x00014e40       0x6a src/ASF/sam/boards/arduino_due_x/init.o
 .debug_macro   0x00014eaa      0x56b src/ASF/sam/drivers/pio/pio.o
 .debug_macro   0x00015415       0x8e src/ASF/sam/drivers/pio/pio.o
 .debug_macro   0x000154a3      0x56f src/ASF/sam/drivers/pio/pio_handler.o
 .debug_macro   0x00015a12      0x565 src/ASF/sam/drivers/pmc/pmc.o
 .debug_macro   0x00015f77       0x58 src/ASF/sam/drivers/pmc/pmc.o
 .debug_macro   0x00015fcf      0x564 src/ASF/sam/utils/cmsis/sam3x/source/templates/exceptions.o
 .debug_macro   0x00016533      0x572 src/ASF/sam/utils/cmsis/sam3x/source/templates/gcc/startup_sam3x.o
 .debug_macro   0x00016aa5      0x572 src/ASF/sam/utils/cmsis/sam3x/source/templates/system_sam3x.o
 .debug_macro   0x00017017      0x660 src/main.o

.debug_line     0x00000000     0xaff5
 .debug_line    0x00000000      0xeb2 src/can_controller.o
 .debug_line    0x00000eb2      0xe2e src/can_interrupt.o
 .debug_line    0x00001ce0      0x3bf src/printf-stdarg.o
 .debug_line    0x0000209f      0xe3b src/uart.o
 .debug_line    0x00002eda      0xb4e src/ASF/common/services/delay/sam/cycle_counter.o
 .debug_line    0x00003a28      0xcba src/ASF/common/services/clock/sam3x/sysclk.o
 .debug_line    0x000046e2      0xd4d src/ASF/sam/boards/arduino_due_x/init.o
 .debug_line    0x0000542f      0xec9 src/ASF/sam/drivers/pio/pio.o
 .debug_line    0x000062f8      0xc0d src/ASF/sam/drivers/pio/pio_handler.o
 .debug_line    0x00006f05     0x10b2 src/ASF/sam/drivers/pmc/pmc.o
 .debug_line    0x00007fb7      0xb23 src/ASF/sam/utils/cmsis/sam3x/source/templates/exceptions.o
 .debug_line    0x00008ada      0xb6c src/ASF/sam/utils/cmsis/sam3x/source/templates/gcc/startup_sam3x.o
 .debug_line    0x00009646      0xb9e src/ASF/sam/utils/cmsis/sam3x/source/templates/system_sam3x.o
 .debug_line    0x0000a1e4      0xe11 src/main.o

.debug_str      0x00000000    0x632c3
 .debug_str     0x00000000    0x61d36 src/can_controller.o
                              0x620dc (size before relaxing)
 .debug_str     0x00061d36       0x6c src/can_interrupt.o
                              0x61dd2 (size before relaxing)
 .debug_str     0x00061da2      0x19d src/printf-stdarg.o
                               0x36ea (size before relaxing)
 .debug_str     0x00061f3f      0x121 src/uart.o
                              0x6207c (size before relaxing)
 .debug_str     0x00062060       0x35 src/ASF/common/services/delay/sam/cycle_counter.o
                              0x5d327 (size before relaxing)
 .debug_str     0x00062095      0x30e src/ASF/common/services/clock/sam3x/sysclk.o
                              0x61275 (size before relaxing)
 .debug_str     0x000623a3      0x10f src/ASF/sam/boards/arduino_due_x/init.o
                              0x61957 (size before relaxing)
 .debug_str     0x000624b2      0x402 src/ASF/sam/drivers/pio/pio.o
                              0x5db57 (size before relaxing)
 .debug_str     0x000628b4      0x1aa src/ASF/sam/drivers/pio/pio_handler.o
                              0x5dc50 (size before relaxing)
 .debug_str     0x00062a5e      0x591 src/ASF/sam/drivers/pmc/pmc.o
                              0x5dbd3 (size before relaxing)
 .debug_str     0x00062fef       0x4d src/ASF/sam/utils/cmsis/sam3x/source/templates/exceptions.o
                              0x5d1cc (size before relaxing)
 .debug_str     0x0006303c       0xd9 src/ASF/sam/utils/cmsis/sam3x/source/templates/gcc/startup_sam3x.o
                              0x5d2c8 (size before relaxing)
 .debug_str     0x00063115      0x195 src/ASF/sam/utils/cmsis/sam3x/source/templates/system_sam3x.o
                              0x5d4a4 (size before relaxing)
 .debug_str     0x000632aa       0x19 src/main.o
                              0x61d3f (size before relaxing)

.debug_frame    0x00000000      0xd14
 .debug_frame   0x00000000       0x78 src/can_controller.o
 .debug_frame   0x00000078       0x30 src/can_interrupt.o
 .debug_frame   0x000000a8      0x118 src/printf-stdarg.o
 .debug_frame   0x000001c0       0x58 src/uart.o
 .debug_frame   0x00000218       0x20 src/ASF/common/services/delay/sam/cycle_counter.o
 .debug_frame   0x00000238       0x88 src/ASF/common/services/clock/sam3x/sysclk.o
 .debug_frame   0x000002c0       0x28 src/ASF/sam/boards/arduino_due_x/init.o
 .debug_frame   0x000002e8      0x2b8 src/ASF/sam/drivers/pio/pio.o
 .debug_frame   0x000005a0       0xf8 src/ASF/sam/drivers/pio/pio_handler.o
 .debug_frame   0x00000698      0x404 src/ASF/sam/drivers/pmc/pmc.o
 .debug_frame   0x00000a9c       0x20 src/ASF/sam/utils/cmsis/sam3x/source/templates/exceptions.o
 .debug_frame   0x00000abc       0x28 src/ASF/sam/utils/cmsis/sam3x/source/templates/gcc/startup_sam3x.o
 .debug_frame   0x00000ae4       0x40 src/ASF/sam/utils/cmsis/sam3x/source/templates/system_sam3x.o
 .debug_frame   0x00000b24       0x30 src/main.o
 .debug_frame   0x00000b54       0x2c c:/program files (x86)/atmel/studio/7.0/toolchain/arm/arm-gnu-toolchain/bin/../lib/gcc/arm-none-eabi/6.3.1/../../../../arm-none-eabi/lib/thumb/v7-m\libc.a(lib_a-init.o)
 .debug_frame   0x00000b80       0x5c c:/program files (x86)/atmel/studio/7.0/toolchain/arm/arm-gnu-toolchain/bin/../lib/gcc/arm-none-eabi/6.3.1/../../../../arm-none-eabi/lib/thumb/v7-m\libc.a(lib_a-__call_atexit.o)
 .debug_frame   0x00000bdc       0x20 c:/program files (x86)/atmel/studio/7.0/toolchain/arm/arm-gnu-toolchain/bin/../lib/gcc/arm-none-eabi/6.3.1/../../../../arm-none-eabi/lib/thumb/v7-m\libc.a(lib_a-atexit.o)
 .debug_frame   0x00000bfc       0x34 c:/program files (x86)/atmel/studio/7.0/toolchain/arm/arm-gnu-toolchain/bin/../lib/gcc/arm-none-eabi/6.3.1/../../../../arm-none-eabi/lib/thumb/v7-m\libc.a(lib_a-fini.o)
 .debug_frame   0x00000c30       0xb0 c:/program files (x86)/atmel/studio/7.0/toolchain/arm/arm-gnu-toolchain/bin/../lib/gcc/arm-none-eabi/6.3.1/../../../../arm-none-eabi/lib/thumb/v7-m\libc.a(lib_a-lock.o)
 .debug_frame   0x00000ce0       0x34 c:/program files (x86)/atmel/studio/7.0/toolchain/arm/arm-gnu-toolchain/bin/../lib/gcc/arm-none-eabi/6.3.1/../../../../arm-none-eabi/lib/thumb/v7-m\libc.a(lib_a-__atexit.o)

Cross Reference Table

Symbol                                            File
ADC_Handler                                       src/ASF/sam/utils/cmsis/sam3x/source/templates/exceptions.o
                                                  src/ASF/sam/utils/cmsis/sam3x/source/templates/gcc/startup_sam3x.o
BusFault_Handler                                  src/ASF/sam/utils/cmsis/sam3x/source/templates/exceptions.o
                                                  src/ASF/sam/utils/cmsis/sam3x/source/templates/gcc/startup_sam3x.o
CAN0_Handler                                      src/can_interrupt.o
                                                  src/ASF/sam/utils/cmsis/sam3x/source/templates/gcc/startup_sam3x.o
CAN1_Handler                                      src/ASF/sam/utils/cmsis/sam3x/source/templates/exceptions.o
                                                  src/ASF/sam/utils/cmsis/sam3x/source/templates/gcc/startup_sam3x.o
DACC_Handler                                      src/ASF/sam/utils/cmsis/sam3x/source/templates/exceptions.o
                                                  src/ASF/sam/utils/cmsis/sam3x/source/templates/gcc/startup_sam3x.o
DMAC_Handler                                      src/ASF/sam/utils/cmsis/sam3x/source/templates/exceptions.o
                                                  src/ASF/sam/utils/cmsis/sam3x/source/templates/gcc/startup_sam3x.o
DebugMon_Handler                                  src/ASF/sam/utils/cmsis/sam3x/source/templates/exceptions.o
                                                  src/ASF/sam/utils/cmsis/sam3x/source/templates/gcc/startup_sam3x.o
Dummy_Handler                                     src/ASF/sam/utils/cmsis/sam3x/source/templates/exceptions.o
EFC0_Handler                                      src/ASF/sam/utils/cmsis/sam3x/source/templates/exceptions.o
                                                  src/ASF/sam/utils/cmsis/sam3x/source/templates/gcc/startup_sam3x.o
EFC1_Handler                                      src/ASF/sam/utils/cmsis/sam3x/source/templates/exceptions.o
                                                  src/ASF/sam/utils/cmsis/sam3x/source/templates/gcc/startup_sam3x.o
EMAC_Handler                                      src/ASF/sam/utils/cmsis/sam3x/source/templates/exceptions.o
                                                  src/ASF/sam/utils/cmsis/sam3x/source/templates/gcc/startup_sam3x.o
HSMCI_Handler                                     src/ASF/sam/utils/cmsis/sam3x/source/templates/exceptions.o
                                                  src/ASF/sam/utils/cmsis/sam3x/source/templates/gcc/startup_sam3x.o
HardFault_Handler                                 src/ASF/sam/utils/cmsis/sam3x/source/templates/exceptions.o
                                                  src/ASF/sam/utils/cmsis/sam3x/source/templates/gcc/startup_sam3x.o
MemManage_Handler                                 src/ASF/sam/utils/cmsis/sam3x/source/templates/exceptions.o
                                                  src/ASF/sam/utils/cmsis/sam3x/source/templates/gcc/startup_sam3x.o
NMI_Handler                                       src/ASF/sam/utils/cmsis/sam3x/source/templates/exceptions.o
                                                  src/ASF/sam/utils/cmsis/sam3x/source/templates/gcc/startup_sam3x.o
PIOA_Handler                                      src/ASF/sam/drivers/pio/pio_handler.o
                                                  src/ASF/sam/utils/cmsis/sam3x/source/templates/gcc/startup_sam3x.o
PIOB_Handler                                      src/ASF/sam/drivers/pio/pio_handler.o
                                                  src/ASF/sam/utils/cmsis/sam3x/source/templates/gcc/startup_sam3x.o
PIOC_Handler                                      src/ASF/sam/drivers/pio/pio_handler.o
                                                  src/ASF/sam/utils/cmsis/sam3x/source/templates/gcc/startup_sam3x.o
PIOD_Handler                                      src/ASF/sam/drivers/pio/pio_handler.o
                                                  src/ASF/sam/utils/cmsis/sam3x/source/templates/gcc/startup_sam3x.o
PMC_Handler                                       src/ASF/sam/utils/cmsis/sam3x/source/templates/exceptions.o
                                                  src/ASF/sam/utils/cmsis/sam3x/source/templates/gcc/startup_sam3x.o
PWM_Handler                                       src/ASF/sam/utils/cmsis/sam3x/source/templates/exceptions.o
                                                  src/ASF/sam/utils/cmsis/sam3x/source/templates/gcc/startup_sam3x.o
PendSV_Handler                                    src/ASF/sam/utils/cmsis/sam3x/source/templates/exceptions.o
                                                  src/ASF/sam/utils/cmsis/sam3x/source/templates/gcc/startup_sam3x.o
RSTC_Handler                                      src/ASF/sam/utils/cmsis/sam3x/source/templates/exceptions.o
                                                  src/ASF/sam/utils/cmsis/sam3x/source/templates/gcc/startup_sam3x.o
RTC_Handler                                       src/ASF/sam/utils/cmsis/sam3x/source/templates/exceptions.o
                                                  src/ASF/sam/utils/cmsis/sam3x/source/templates/gcc/startup_sam3x.o
RTT_Handler                                       src/ASF/sam/utils/cmsis/sam3x/source/templates/exceptions.o
                                                  src/ASF/sam/utils/cmsis/sam3x/source/templates/gcc/startup_sam3x.o
Reset_Handler                                     src/ASF/sam/utils/cmsis/sam3x/source/templates/gcc/startup_sam3x.o
SMC_Handler                                       src/ASF/sam/utils/cmsis/sam3x/source/templates/exceptions.o
                                                  src/ASF/sam/utils/cmsis/sam3x/source/templates/gcc/startup_sam3x.o
SPI0_Handler                                      src/ASF/sam/utils/cmsis/sam3x/source/templates/exceptions.o
                                                  src/ASF/sam/utils/cmsis/sam3x/source/templates/gcc/startup_sam3x.o
SSC_Handler                                       src/ASF/sam/utils/cmsis/sam3x/source/templates/exceptions.o
                                                  src/ASF/sam/utils/cmsis/sam3x/source/templates/gcc/startup_sam3x.o
SUPC_Handler                                      src/ASF/sam/utils/cmsis/sam3x/source/templates/exceptions.o
                                                  src/ASF/sam/utils/cmsis/sam3x/source/templates/gcc/startup_sam3x.o
SVC_Handler                                       src/ASF/sam/utils/cmsis/sam3x/source/templates/exceptions.o
                                                  src/ASF/sam/utils/cmsis/sam3x/source/templates/gcc/startup_sam3x.o
SysTick_Handler                                   src/ASF/sam/utils/cmsis/sam3x/source/templates/exceptions.o
                                                  src/ASF/sam/utils/cmsis/sam3x/source/templates/gcc/startup_sam3x.o
SystemCoreClock                                   src/ASF/sam/utils/cmsis/sam3x/source/templates/system_sam3x.o
SystemCoreClockUpdate                             src/ASF/sam/utils/cmsis/sam3x/source/templates/system_sam3x.o
                                                  src/ASF/common/services/clock/sam3x/sysclk.o
SystemInit                                        src/ASF/sam/utils/cmsis/sam3x/source/templates/system_sam3x.o
TC0_Handler                                       src/ASF/sam/utils/cmsis/sam3x/source/templates/exceptions.o
                                                  src/ASF/sam/utils/cmsis/sam3x/source/templates/gcc/startup_sam3x.o
TC1_Handler                                       src/ASF/sam/utils/cmsis/sam3x/source/templates/exceptions.o
                                                  src/ASF/sam/utils/cmsis/sam3x/source/templates/gcc/startup_sam3x.o
TC2_Handler                                       src/ASF/sam/utils/cmsis/sam3x/source/templates/exceptions.o
                                                  src/ASF/sam/utils/cmsis/sam3x/source/templates/gcc/startup_sam3x.o
TC3_Handler                                       src/ASF/sam/utils/cmsis/sam3x/source/templates/exceptions.o
                                                  src/ASF/sam/utils/cmsis/sam3x/source/templates/gcc/startup_sam3x.o
TC4_Handler                                       src/ASF/sam/utils/cmsis/sam3x/source/templates/exceptions.o
                                                  src/ASF/sam/utils/cmsis/sam3x/source/templates/gcc/startup_sam3x.o
TC5_Handler                                       src/ASF/sam/utils/cmsis/sam3x/source/templates/exceptions.o
                                                  src/ASF/sam/utils/cmsis/sam3x/source/templates/gcc/startup_sam3x.o
TC6_Handler                                       src/ASF/sam/utils/cmsis/sam3x/source/templates/exceptions.o
                                                  src/ASF/sam/utils/cmsis/sam3x/source/templates/gcc/startup_sam3x.o
TC7_Handler                                       src/ASF/sam/utils/cmsis/sam3x/source/templates/exceptions.o
                                                  src/ASF/sam/utils/cmsis/sam3x/source/templates/gcc/startup_sam3x.o
TC8_Handler                                       src/ASF/sam/utils/cmsis/sam3x/source/templates/exceptions.o
                                                  src/ASF/sam/utils/cmsis/sam3x/source/templates/gcc/startup_sam3x.o
TRNG_Handler                                      src/ASF/sam/utils/cmsis/sam3x/source/templates/exceptions.o
                                                  src/ASF/sam/utils/cmsis/sam3x/source/templates/gcc/startup_sam3x.o
TWI0_Handler                                      src/ASF/sam/utils/cmsis/sam3x/source/templates/exceptions.o
                                                  src/ASF/sam/utils/cmsis/sam3x/source/templates/gcc/startup_sam3x.o
TWI1_Handler                                      src/ASF/sam/utils/cmsis/sam3x/source/templates/exceptions.o
                                                  src/ASF/sam/utils/cmsis/sam3x/source/templates/gcc/startup_sam3x.o
UART_Handler                                      src/uart.o
                                                  src/ASF/sam/utils/cmsis/sam3x/source/templates/gcc/startup_sam3x.o
UOTGHS_Handler                                    src/ASF/sam/utils/cmsis/sam3x/source/templates/exceptions.o
                                                  src/ASF/sam/utils/cmsis/sam3x/source/templates/gcc/startup_sam3x.o
USART0_Handler                                    src/ASF/sam/utils/cmsis/sam3x/source/templates/exceptions.o
                                                  src/ASF/sam/utils/cmsis/sam3x/source/templates/gcc/startup_sam3x.o
USART1_Handler                                    src/ASF/sam/utils/cmsis/sam3x/source/templates/exceptions.o
                                                  src/ASF/sam/utils/cmsis/sam3x/source/templates/gcc/startup_sam3x.o
USART2_Handler                                    src/ASF/sam/utils/cmsis/sam3x/source/templates/exceptions.o
                                                  src/ASF/sam/utils/cmsis/sam3x/source/templates/gcc/startup_sam3x.o
USART3_Handler                                    src/ASF/sam/utils/cmsis/sam3x/source/templates/exceptions.o
                                                  src/ASF/sam/utils/cmsis/sam3x/source/templates/gcc/startup_sam3x.o
UsageFault_Handler                                src/ASF/sam/utils/cmsis/sam3x/source/templates/exceptions.o
                                                  src/ASF/sam/utils/cmsis/sam3x/source/templates/gcc/startup_sam3x.o
WDT_Handler                                       src/ASF/sam/utils/cmsis/sam3x/source/templates/exceptions.o
                                                  src/ASF/sam/utils/cmsis/sam3x/source/templates/gcc/startup_sam3x.o
_Jv_RegisterClasses                               c:/program files (x86)/atmel/studio/7.0/toolchain/arm/arm-gnu-toolchain/bin/../lib/gcc/arm-none-eabi/6.3.1/thumb/v7-m/crtbegin.o
__atexit_recursive_mutex                          c:/program files (x86)/atmel/studio/7.0/toolchain/arm/arm-gnu-toolchain/bin/../lib/gcc/arm-none-eabi/6.3.1/../../../../arm-none-eabi/lib/thumb/v7-m\libc.a(lib_a-__call_atexit.o)
                                                  c:/program files (x86)/atmel/studio/7.0/toolchain/arm/arm-gnu-toolchain/bin/../lib/gcc/arm-none-eabi/6.3.1/../../../../arm-none-eabi/lib/thumb/v7-m\libc.a(lib_a-__atexit.o)
__bss_end__                                       c:/program files (x86)/atmel/studio/7.0/toolchain/arm/arm-gnu-toolchain/bin/../lib/gcc/arm-none-eabi/6.3.1/../../../../arm-none-eabi/lib/thumb/v7-m/crt0.o
__bss_start__                                     c:/program files (x86)/atmel/studio/7.0/toolchain/arm/arm-gnu-toolchain/bin/../lib/gcc/arm-none-eabi/6.3.1/../../../../arm-none-eabi/lib/thumb/v7-m/crt0.o
__call_exitprocs                                  c:/program files (x86)/atmel/studio/7.0/toolchain/arm/arm-gnu-toolchain/bin/../lib/gcc/arm-none-eabi/6.3.1/../../../../arm-none-eabi/lib/thumb/v7-m\libc.a(lib_a-__call_atexit.o)
                                                  c:/program files (x86)/atmel/studio/7.0/toolchain/arm/arm-gnu-toolchain/bin/../lib/gcc/arm-none-eabi/6.3.1/../../../../arm-none-eabi/lib/thumb/v7-m\libc.a(lib_a-exit.o)
__deregister_frame_info                           c:/program files (x86)/atmel/studio/7.0/toolchain/arm/arm-gnu-toolchain/bin/../lib/gcc/arm-none-eabi/6.3.1/thumb/v7-m/crtbegin.o
__dso_handle                                      c:/program files (x86)/atmel/studio/7.0/toolchain/arm/arm-gnu-toolchain/bin/../lib/gcc/arm-none-eabi/6.3.1/thumb/v7-m/crtbegin.o
__fini_array_end                                  c:/program files (x86)/atmel/studio/7.0/toolchain/arm/arm-gnu-toolchain/bin/../lib/gcc/arm-none-eabi/6.3.1/../../../../arm-none-eabi/lib/thumb/v7-m\libc.a(lib_a-fini.o)
__fini_array_start                                c:/program files (x86)/atmel/studio/7.0/toolchain/arm/arm-gnu-toolchain/bin/../lib/gcc/arm-none-eabi/6.3.1/../../../../arm-none-eabi/lib/thumb/v7-m\libc.a(lib_a-fini.o)
__init_array_end                                  c:/program files (x86)/atmel/studio/7.0/toolchain/arm/arm-gnu-toolchain/bin/../lib/gcc/arm-none-eabi/6.3.1/../../../../arm-none-eabi/lib/thumb/v7-m\libc.a(lib_a-init.o)
__init_array_start                                c:/program files (x86)/atmel/studio/7.0/toolchain/arm/arm-gnu-toolchain/bin/../lib/gcc/arm-none-eabi/6.3.1/../../../../arm-none-eabi/lib/thumb/v7-m\libc.a(lib_a-init.o)
__libc_fini                                       c:/program files (x86)/atmel/studio/7.0/toolchain/arm/arm-gnu-toolchain/bin/../lib/gcc/arm-none-eabi/6.3.1/../../../../arm-none-eabi/lib/thumb/v7-m\libc.a(lib_a-__call_atexit.o)
__libc_fini_array                                 c:/program files (x86)/atmel/studio/7.0/toolchain/arm/arm-gnu-toolchain/bin/../lib/gcc/arm-none-eabi/6.3.1/../../../../arm-none-eabi/lib/thumb/v7-m\libc.a(lib_a-fini.o)
                                                  c:/program files (x86)/atmel/studio/7.0/toolchain/arm/arm-gnu-toolchain/bin/../lib/gcc/arm-none-eabi/6.3.1/../../../../arm-none-eabi/lib/thumb/v7-m\libc.a(lib_a-__call_atexit.o)
                                                  c:/program files (x86)/atmel/studio/7.0/toolchain/arm/arm-gnu-toolchain/bin/../lib/gcc/arm-none-eabi/6.3.1/../../../../arm-none-eabi/lib/thumb/v7-m/crt0.o
__libc_init_array                                 c:/program files (x86)/atmel/studio/7.0/toolchain/arm/arm-gnu-toolchain/bin/../lib/gcc/arm-none-eabi/6.3.1/../../../../arm-none-eabi/lib/thumb/v7-m\libc.a(lib_a-init.o)
                                                  src/ASF/sam/utils/cmsis/sam3x/source/templates/gcc/startup_sam3x.o
                                                  c:/program files (x86)/atmel/studio/7.0/toolchain/arm/arm-gnu-toolchain/bin/../lib/gcc/arm-none-eabi/6.3.1/../../../../arm-none-eabi/lib/thumb/v7-m/crt0.o
__lock___arc4random_mutex                         c:/program files (x86)/atmel/studio/7.0/toolchain/arm/arm-gnu-toolchain/bin/../lib/gcc/arm-none-eabi/6.3.1/../../../../arm-none-eabi/lib/thumb/v7-m\libc.a(lib_a-lock.o)
__lock___at_quick_exit_mutex                      c:/program files (x86)/atmel/studio/7.0/toolchain/arm/arm-gnu-toolchain/bin/../lib/gcc/arm-none-eabi/6.3.1/../../../../arm-none-eabi/lib/thumb/v7-m\libc.a(lib_a-lock.o)
__lock___atexit_recursive_mutex                   c:/program files (x86)/atmel/studio/7.0/toolchain/arm/arm-gnu-toolchain/bin/../lib/gcc/arm-none-eabi/6.3.1/../../../../arm-none-eabi/lib/thumb/v7-m\libc.a(lib_a-lock.o)
                                                  c:/program files (x86)/atmel/studio/7.0/toolchain/arm/arm-gnu-toolchain/bin/../lib/gcc/arm-none-eabi/6.3.1/../../../../arm-none-eabi/lib/thumb/v7-m\libc.a(lib_a-__call_atexit.o)
__lock___dd_hash_mutex                            c:/program files (x86)/atmel/studio/7.0/toolchain/arm/arm-gnu-toolchain/bin/../lib/gcc/arm-none-eabi/6.3.1/../../../../arm-none-eabi/lib/thumb/v7-m\libc.a(lib_a-lock.o)
__lock___env_recursive_mutex                      c:/program files (x86)/atmel/studio/7.0/toolchain/arm/arm-gnu-toolchain/bin/../lib/gcc/arm-none-eabi/6.3.1/../../../../arm-none-eabi/lib/thumb/v7-m\libc.a(lib_a-lock.o)
__lock___malloc_recursive_mutex                   c:/program files (x86)/atmel/studio/7.0/toolchain/arm/arm-gnu-toolchain/bin/../lib/gcc/arm-none-eabi/6.3.1/../../../../arm-none-eabi/lib/thumb/v7-m\libc.a(lib_a-lock.o)
__lock___sfp_recursive_mutex                      c:/program files (x86)/atmel/studio/7.0/toolchain/arm/arm-gnu-toolchain/bin/../lib/gcc/arm-none-eabi/6.3.1/../../../../arm-none-eabi/lib/thumb/v7-m\libc.a(lib_a-lock.o)
__lock___sinit_recursive_mutex                    c:/program files (x86)/atmel/studio/7.0/toolchain/arm/arm-gnu-toolchain/bin/../lib/gcc/arm-none-eabi/6.3.1/../../../../arm-none-eabi/lib/thumb/v7-m\libc.a(lib_a-lock.o)
__lock___tz_mutex                                 c:/program files (x86)/atmel/studio/7.0/toolchain/arm/arm-gnu-toolchain/bin/../lib/gcc/arm-none-eabi/6.3.1/../../../../arm-none-eabi/lib/thumb/v7-m\libc.a(lib_a-lock.o)
__preinit_array_end                               c:/program files (x86)/atmel/studio/7.0/toolchain/arm/arm-gnu-toolchain/bin/../lib/gcc/arm-none-eabi/6.3.1/../../../../arm-none-eabi/lib/thumb/v7-m\libc.a(lib_a-init.o)
__preinit_array_start                             c:/program files (x86)/atmel/studio/7.0/toolchain/arm/arm-gnu-toolchain/bin/../lib/gcc/arm-none-eabi/6.3.1/../../../../arm-none-eabi/lib/thumb/v7-m\libc.a(lib_a-init.o)
__ram_end__                                       src/ASF/sam/utils/syscalls/gcc/syscalls.o
__register_exitproc                               c:/program files (x86)/atmel/studio/7.0/toolchain/arm/arm-gnu-toolchain/bin/../lib/gcc/arm-none-eabi/6.3.1/../../../../arm-none-eabi/lib/thumb/v7-m\libc.a(lib_a-__atexit.o)
                                                  c:/program files (x86)/atmel/studio/7.0/toolchain/arm/arm-gnu-toolchain/bin/../lib/gcc/arm-none-eabi/6.3.1/../../../../arm-none-eabi/lib/thumb/v7-m\libc.a(lib_a-atexit.o)
__register_frame_info                             c:/program files (x86)/atmel/studio/7.0/toolchain/arm/arm-gnu-toolchain/bin/../lib/gcc/arm-none-eabi/6.3.1/thumb/v7-m/crtbegin.o
__retarget_lock_acquire                           c:/program files (x86)/atmel/studio/7.0/toolchain/arm/arm-gnu-toolchain/bin/../lib/gcc/arm-none-eabi/6.3.1/../../../../arm-none-eabi/lib/thumb/v7-m\libc.a(lib_a-lock.o)
__retarget_lock_acquire_recursive                 c:/program files (x86)/atmel/studio/7.0/toolchain/arm/arm-gnu-toolchain/bin/../lib/gcc/arm-none-eabi/6.3.1/../../../../arm-none-eabi/lib/thumb/v7-m\libc.a(lib_a-lock.o)
                                                  c:/program files (x86)/atmel/studio/7.0/toolchain/arm/arm-gnu-toolchain/bin/../lib/gcc/arm-none-eabi/6.3.1/../../../../arm-none-eabi/lib/thumb/v7-m\libc.a(lib_a-__atexit.o)
                                                  c:/program files (x86)/atmel/studio/7.0/toolchain/arm/arm-gnu-toolchain/bin/../lib/gcc/arm-none-eabi/6.3.1/../../../../arm-none-eabi/lib/thumb/v7-m\libc.a(lib_a-__call_atexit.o)
__retarget_lock_close                             c:/program files (x86)/atmel/studio/7.0/toolchain/arm/arm-gnu-toolchain/bin/../lib/gcc/arm-none-eabi/6.3.1/../../../../arm-none-eabi/lib/thumb/v7-m\libc.a(lib_a-lock.o)
__retarget_lock_close_recursive                   c:/program files (x86)/atmel/studio/7.0/toolchain/arm/arm-gnu-toolchain/bin/../lib/gcc/arm-none-eabi/6.3.1/../../../../arm-none-eabi/lib/thumb/v7-m\libc.a(lib_a-lock.o)
__retarget_lock_init                              c:/program files (x86)/atmel/studio/7.0/toolchain/arm/arm-gnu-toolchain/bin/../lib/gcc/arm-none-eabi/6.3.1/../../../../arm-none-eabi/lib/thumb/v7-m\libc.a(lib_a-lock.o)
__retarget_lock_init_recursive                    c:/program files (x86)/atmel/studio/7.0/toolchain/arm/arm-gnu-toolchain/bin/../lib/gcc/arm-none-eabi/6.3.1/../../../../arm-none-eabi/lib/thumb/v7-m\libc.a(lib_a-lock.o)
__retarget_lock_release                           c:/program files (x86)/atmel/studio/7.0/toolchain/arm/arm-gnu-toolchain/bin/../lib/gcc/arm-none-eabi/6.3.1/../../../../arm-none-eabi/lib/thumb/v7-m\libc.a(lib_a-lock.o)
__retarget_lock_release_recursive                 c:/program files (x86)/atmel/studio/7.0/toolchain/arm/arm-gnu-toolchain/bin/../lib/gcc/arm-none-eabi/6.3.1/../../../../arm-none-eabi/lib/thumb/v7-m\libc.a(lib_a-lock.o)
                                                  c:/program files (x86)/atmel/studio/7.0/toolchain/arm/arm-gnu-toolchain/bin/../lib/gcc/arm-none-eabi/6.3.1/../../../../arm-none-eabi/lib/thumb/v7-m\libc.a(lib_a-__atexit.o)
                                                  c:/program files (x86)/atmel/studio/7.0/toolchain/arm/arm-gnu-toolchain/bin/../lib/gcc/arm-none-eabi/6.3.1/../../../../arm-none-eabi/lib/thumb/v7-m\libc.a(lib_a-__call_atexit.o)
__retarget_lock_try_acquire                       c:/program files (x86)/atmel/studio/7.0/toolchain/arm/arm-gnu-toolchain/bin/../lib/gcc/arm-none-eabi/6.3.1/../../../../arm-none-eabi/lib/thumb/v7-m\libc.a(lib_a-lock.o)
__retarget_lock_try_acquire_recursive             c:/program files (x86)/atmel/studio/7.0/toolchain/arm/arm-gnu-toolchain/bin/../lib/gcc/arm-none-eabi/6.3.1/../../../../arm-none-eabi/lib/thumb/v7-m\libc.a(lib_a-lock.o)
__stack                                           c:/program files (x86)/atmel/studio/7.0/toolchain/arm/arm-gnu-toolchain/bin/../lib/gcc/arm-none-eabi/6.3.1/../../../../arm-none-eabi/lib/thumb/v7-m/crt0.o
_close                                            src/ASF/sam/utils/syscalls/gcc/syscalls.o
_end                                              src/ASF/sam/utils/syscalls/gcc/syscalls.o
_erelocate                                        src/ASF/sam/utils/cmsis/sam3x/source/templates/gcc/startup_sam3x.o
_estack                                           src/ASF/sam/utils/cmsis/sam3x/source/templates/gcc/startup_sam3x.o
_etext                                            src/ASF/sam/utils/cmsis/sam3x/source/templates/gcc/startup_sam3x.o
_exit                                             src/ASF/sam/utils/syscalls/gcc/syscalls.o
                                                  c:/program files (x86)/atmel/studio/7.0/toolchain/arm/arm-gnu-toolchain/bin/../lib/gcc/arm-none-eabi/6.3.1/../../../../arm-none-eabi/lib/thumb/v7-m\libc.a(lib_a-exit.o)
_ezero                                            src/ASF/sam/utils/cmsis/sam3x/source/templates/gcc/startup_sam3x.o
_fini                                             c:/program files (x86)/atmel/studio/7.0/toolchain/arm/arm-gnu-toolchain/bin/../lib/gcc/arm-none-eabi/6.3.1/thumb/v7-m/crti.o
                                                  c:/program files (x86)/atmel/studio/7.0/toolchain/arm/arm-gnu-toolchain/bin/../lib/gcc/arm-none-eabi/6.3.1/../../../../arm-none-eabi/lib/thumb/v7-m\libc.a(lib_a-fini.o)
_fstat                                            src/ASF/sam/utils/syscalls/gcc/syscalls.o
_getpid                                           src/ASF/sam/utils/syscalls/gcc/syscalls.o
_global_impure_ptr                                c:/program files (x86)/atmel/studio/7.0/toolchain/arm/arm-gnu-toolchain/bin/../lib/gcc/arm-none-eabi/6.3.1/../../../../arm-none-eabi/lib/thumb/v7-m\libc.a(lib_a-impure.o)
                                                  c:/program files (x86)/atmel/studio/7.0/toolchain/arm/arm-gnu-toolchain/bin/../lib/gcc/arm-none-eabi/6.3.1/../../../../arm-none-eabi/lib/thumb/v7-m\libc.a(lib_a-__atexit.o)
                                                  c:/program files (x86)/atmel/studio/7.0/toolchain/arm/arm-gnu-toolchain/bin/../lib/gcc/arm-none-eabi/6.3.1/../../../../arm-none-eabi/lib/thumb/v7-m\libc.a(lib_a-__call_atexit.o)
                                                  c:/program files (x86)/atmel/studio/7.0/toolchain/arm/arm-gnu-toolchain/bin/../lib/gcc/arm-none-eabi/6.3.1/../../../../arm-none-eabi/lib/thumb/v7-m\libc.a(lib_a-exit.o)
_impure_ptr                                       c:/program files (x86)/atmel/studio/7.0/toolchain/arm/arm-gnu-toolchain/bin/../lib/gcc/arm-none-eabi/6.3.1/../../../../arm-none-eabi/lib/thumb/v7-m\libc.a(lib_a-impure.o)
_init                                             c:/program files (x86)/atmel/studio/7.0/toolchain/arm/arm-gnu-toolchain/bin/../lib/gcc/arm-none-eabi/6.3.1/thumb/v7-m/crti.o
                                                  c:/program files (x86)/atmel/studio/7.0/toolchain/arm/arm-gnu-toolchain/bin/../lib/gcc/arm-none-eabi/6.3.1/../../../../arm-none-eabi/lib/thumb/v7-m\libc.a(lib_a-init.o)
_isatty                                           src/ASF/sam/utils/syscalls/gcc/syscalls.o
_kill                                             src/ASF/sam/utils/syscalls/gcc/syscalls.o
_lseek                                            src/ASF/sam/utils/syscalls/gcc/syscalls.o
_mainCRTStartup                                   c:/program files (x86)/atmel/studio/7.0/toolchain/arm/arm-gnu-toolchain/bin/../lib/gcc/arm-none-eabi/6.3.1/../../../../arm-none-eabi/lib/thumb/v7-m/crt0.o
_sbrk                                             src/ASF/sam/utils/syscalls/gcc/syscalls.o
_sfixed                                           src/ASF/sam/utils/cmsis/sam3x/source/templates/gcc/startup_sam3x.o
_srelocate                                        src/ASF/sam/utils/cmsis/sam3x/source/templates/gcc/startup_sam3x.o
_start                                            c:/program files (x86)/atmel/studio/7.0/toolchain/arm/arm-gnu-toolchain/bin/../lib/gcc/arm-none-eabi/6.3.1/../../../../arm-none-eabi/lib/thumb/v7-m/crt0.o
_szero                                            src/ASF/sam/utils/cmsis/sam3x/source/templates/gcc/startup_sam3x.o
atexit                                            c:/program files (x86)/atmel/studio/7.0/toolchain/arm/arm-gnu-toolchain/bin/../lib/gcc/arm-none-eabi/6.3.1/../../../../arm-none-eabi/lib/thumb/v7-m\libc.a(lib_a-atexit.o)
                                                  c:/program files (x86)/atmel/studio/7.0/toolchain/arm/arm-gnu-toolchain/bin/../lib/gcc/arm-none-eabi/6.3.1/../../../../arm-none-eabi/lib/thumb/v7-m\libc.a(lib_a-__call_atexit.o)
                                                  c:/program files (x86)/atmel/studio/7.0/toolchain/arm/arm-gnu-toolchain/bin/../lib/gcc/arm-none-eabi/6.3.1/../../../../arm-none-eabi/lib/thumb/v7-m/crt0.o
board_init                                        src/ASF/sam/boards/arduino_due_x/init.o
                                                  src/main.o
can_init                                          src/can_controller.o
can_init_def_tx_rx_mb                             src/can_controller.o
                                                  src/main.o
can_receive                                       src/can_controller.o
                                                  src/can_interrupt.o
can_send                                          src/can_controller.o
                                                  src/main.o
configure_uart                                    src/uart.o
                                                  src/main.o
cpu_irq_enter_critical                            src/ASF/common/utils/interrupt/interrupt_sam_nvic.o
cpu_irq_leave_critical                            src/ASF/common/utils/interrupt/interrupt_sam_nvic.o
exception_table                                   src/ASF/sam/utils/cmsis/sam3x/source/templates/gcc/startup_sam3x.o
exit                                              c:/program files (x86)/atmel/studio/7.0/toolchain/arm/arm-gnu-toolchain/bin/../lib/gcc/arm-none-eabi/6.3.1/../../../../arm-none-eabi/lib/thumb/v7-m\libc.a(lib_a-exit.o)
                                                  c:/program files (x86)/atmel/studio/7.0/toolchain/arm/arm-gnu-toolchain/bin/../lib/gcc/arm-none-eabi/6.3.1/../../../../arm-none-eabi/lib/thumb/v7-m/crt0.o
free                                              c:/program files (x86)/atmel/studio/7.0/toolchain/arm/arm-gnu-toolchain/bin/../lib/gcc/arm-none-eabi/6.3.1/../../../../arm-none-eabi/lib/thumb/v7-m\libc.a(lib_a-__call_atexit.o)
g_interrupt_enabled                               src/ASF/common/utils/interrupt/interrupt_sam_nvic.o
                                                  src/ASF/sam/drivers/pmc/sleep.o
hardware_init_hook                                c:/program files (x86)/atmel/studio/7.0/toolchain/arm/arm-gnu-toolchain/bin/../lib/gcc/arm-none-eabi/6.3.1/../../../../arm-none-eabi/lib/thumb/v7-m/crt0.o
iprintf                                           src/printf-stdarg.o
                                                  src/uart.o
                                                  src/can_interrupt.o
link                                              src/ASF/sam/utils/syscalls/gcc/syscalls.o
main                                              src/main.o
                                                  src/ASF/sam/utils/cmsis/sam3x/source/templates/gcc/startup_sam3x.o
                                                  c:/program files (x86)/atmel/studio/7.0/toolchain/arm/arm-gnu-toolchain/bin/../lib/gcc/arm-none-eabi/6.3.1/../../../../arm-none-eabi/lib/thumb/v7-m/crt0.o
malloc                                            c:/program files (x86)/atmel/studio/7.0/toolchain/arm/arm-gnu-toolchain/bin/../lib/gcc/arm-none-eabi/6.3.1/../../../../arm-none-eabi/lib/thumb/v7-m\libc.a(lib_a-__atexit.o)
memset                                            c:/program files (x86)/atmel/studio/7.0/toolchain/arm/arm-gnu-toolchain/bin/../lib/gcc/arm-none-eabi/6.3.1/../../../../arm-none-eabi/lib/thumb/v7-m\libc.a(lib_a-memset.o)
                                                  c:/program files (x86)/atmel/studio/7.0/toolchain/arm/arm-gnu-toolchain/bin/../lib/gcc/arm-none-eabi/6.3.1/../../../../arm-none-eabi/lib/thumb/v7-m/crt0.o
pio_clear                                         src/ASF/sam/drivers/pio/pio.o
pio_configure                                     src/ASF/sam/drivers/pio/pio.o
pio_configure_interrupt                           src/ASF/sam/drivers/pio/pio.o
                                                  src/ASF/sam/drivers/pio/pio_handler.o
pio_configure_pin                                 src/ASF/sam/drivers/pio/pio.o
                                                  src/ASF/sam/boards/arduino_due_x/init.o
pio_configure_pin_group                           src/ASF/sam/drivers/pio/pio.o
                                                  src/ASF/sam/boards/arduino_due_x/init.o
pio_disable_interrupt                             src/ASF/sam/drivers/pio/pio.o
                                                  src/ASF/sam/drivers/pio/pio_handler.o
pio_disable_output_write                          src/ASF/sam/drivers/pio/pio.o
pio_disable_pin_interrupt                         src/ASF/sam/drivers/pio/pio.o
pio_enable_interrupt                              src/ASF/sam/drivers/pio/pio.o
                                                  src/ASF/sam/drivers/pio/pio_handler.o
pio_enable_output_write                           src/ASF/sam/drivers/pio/pio.o
pio_enable_pin_interrupt                          src/ASF/sam/drivers/pio/pio.o
pio_get                                           src/ASF/sam/drivers/pio/pio.o
pio_get_interrupt_mask                            src/ASF/sam/drivers/pio/pio.o
                                                  src/ASF/sam/drivers/pio/pio_handler.o
pio_get_interrupt_status                          src/ASF/sam/drivers/pio/pio.o
                                                  src/ASF/sam/drivers/pio/pio_handler.o
pio_get_multi_driver_status                       src/ASF/sam/drivers/pio/pio.o
pio_get_output_data_status                        src/ASF/sam/drivers/pio/pio.o
pio_get_output_write_status                       src/ASF/sam/drivers/pio/pio.o
pio_get_pin_group                                 src/ASF/sam/drivers/pio/pio.o
                                                  src/ASF/sam/drivers/pio/pio_handler.o
pio_get_pin_group_id                              src/ASF/sam/drivers/pio/pio.o
                                                  src/ASF/sam/drivers/pio/pio_handler.o
pio_get_pin_group_mask                            src/ASF/sam/drivers/pio/pio.o
                                                  src/ASF/sam/drivers/pio/pio_handler.o
pio_get_pin_value                                 src/ASF/sam/drivers/pio/pio.o
pio_get_writeprotect_status                       src/ASF/sam/drivers/pio/pio.o
pio_handler_process                               src/ASF/sam/drivers/pio/pio_handler.o
pio_handler_set                                   src/ASF/sam/drivers/pio/pio_handler.o
pio_handler_set_pin                               src/ASF/sam/drivers/pio/pio_handler.o
pio_handler_set_priority                          src/ASF/sam/drivers/pio/pio_handler.o
pio_pull_up                                       src/ASF/sam/drivers/pio/pio.o
pio_set                                           src/ASF/sam/drivers/pio/pio.o
pio_set_additional_interrupt_mode                 src/ASF/sam/drivers/pio/pio.o
pio_set_debounce_filter                           src/ASF/sam/drivers/pio/pio.o
pio_set_input                                     src/ASF/sam/drivers/pio/pio.o
pio_set_multi_driver                              src/ASF/sam/drivers/pio/pio.o
pio_set_output                                    src/ASF/sam/drivers/pio/pio.o
pio_set_peripheral                                src/ASF/sam/drivers/pio/pio.o
pio_set_pin_group_high                            src/ASF/sam/drivers/pio/pio.o
pio_set_pin_group_low                             src/ASF/sam/drivers/pio/pio.o
pio_set_pin_high                                  src/ASF/sam/drivers/pio/pio.o
pio_set_pin_low                                   src/ASF/sam/drivers/pio/pio.o
pio_set_writeprotect                              src/ASF/sam/drivers/pio/pio.o
pio_sync_output_write                             src/ASF/sam/drivers/pio/pio.o
pio_toggle_pin                                    src/ASF/sam/drivers/pio/pio.o
pio_toggle_pin_group                              src/ASF/sam/drivers/pio/pio.o
pmc_clr_fast_startup_input                        src/ASF/sam/drivers/pmc/pmc.o
pmc_disable_all_pck                               src/ASF/sam/drivers/pmc/pmc.o
pmc_disable_all_periph_clk                        src/ASF/sam/drivers/pmc/pmc.o
pmc_disable_clock_failure_detector                src/ASF/sam/drivers/pmc/pmc.o
pmc_disable_interrupt                             src/ASF/sam/drivers/pmc/pmc.o
pmc_disable_pck                                   src/ASF/sam/drivers/pmc/pmc.o
pmc_disable_periph_clk                            src/ASF/sam/drivers/pmc/pmc.o
pmc_disable_pllack                                src/ASF/sam/drivers/pmc/pmc.o
                                                  src/ASF/sam/drivers/pmc/sleep.o
                                                  src/ASF/common/services/clock/sam3x/sysclk.o
pmc_disable_udpck                                 src/ASF/sam/drivers/pmc/pmc.o
                                                  src/ASF/common/services/clock/sam3x/sysclk.o
pmc_disable_upll_clock                            src/ASF/sam/drivers/pmc/pmc.o
                                                  src/ASF/sam/drivers/pmc/sleep.o
pmc_enable_all_pck                                src/ASF/sam/drivers/pmc/pmc.o
pmc_enable_all_periph_clk                         src/ASF/sam/drivers/pmc/pmc.o
pmc_enable_backupmode                             src/ASF/sam/drivers/pmc/pmc.o
pmc_enable_clock_failure_detector                 src/ASF/sam/drivers/pmc/pmc.o
pmc_enable_interrupt                              src/ASF/sam/drivers/pmc/pmc.o
pmc_enable_pck                                    src/ASF/sam/drivers/pmc/pmc.o
pmc_enable_periph_clk                             src/ASF/sam/drivers/pmc/pmc.o
                                                  src/ASF/sam/boards/arduino_due_x/init.o
pmc_enable_pllack                                 src/ASF/sam/drivers/pmc/pmc.o
pmc_enable_sleepmode                              src/ASF/sam/drivers/pmc/pmc.o
pmc_enable_udpck                                  src/ASF/sam/drivers/pmc/pmc.o
                                                  src/ASF/common/services/clock/sam3x/sysclk.o
pmc_enable_upll_clock                             src/ASF/sam/drivers/pmc/pmc.o
                                                  src/ASF/common/services/clock/sam3x/sysclk.o
pmc_enable_waitmode                               src/ASF/sam/drivers/pmc/pmc.o
                                                  src/ASF/sam/drivers/pmc/sleep.o
pmc_get_interrupt_mask                            src/ASF/sam/drivers/pmc/pmc.o
pmc_get_status                                    src/ASF/sam/drivers/pmc/pmc.o
pmc_get_writeprotect_status                       src/ASF/sam/drivers/pmc/pmc.o
pmc_is_locked_pllack                              src/ASF/sam/drivers/pmc/pmc.o
                                                  src/ASF/common/services/clock/sam3x/sysclk.o
pmc_is_locked_upll                                src/ASF/sam/drivers/pmc/pmc.o
pmc_is_pck_enabled                                src/ASF/sam/drivers/pmc/pmc.o
pmc_is_periph_clk_enabled                         src/ASF/sam/drivers/pmc/pmc.o
pmc_is_wakeup_clocks_restored                     src/ASF/sam/drivers/pmc/sleep.o
pmc_mainck_osc_select                             src/ASF/sam/drivers/pmc/pmc.o
pmc_mck_set_prescaler                             src/ASF/sam/drivers/pmc/pmc.o
                                                  src/ASF/common/services/clock/sam3x/sysclk.o
pmc_mck_set_source                                src/ASF/sam/drivers/pmc/pmc.o
                                                  src/ASF/common/services/clock/sam3x/sysclk.o
pmc_osc_bypass_main_xtal                          src/ASF/sam/drivers/pmc/pmc.o
pmc_osc_disable_fastrc                            src/ASF/sam/drivers/pmc/pmc.o
pmc_osc_disable_main_xtal                         src/ASF/sam/drivers/pmc/pmc.o
pmc_osc_disable_xtal                              src/ASF/sam/drivers/pmc/pmc.o
pmc_osc_enable_fastrc                             src/ASF/sam/drivers/pmc/pmc.o
pmc_osc_enable_main_xtal                          src/ASF/sam/drivers/pmc/pmc.o
pmc_osc_is_bypassed_main_xtal                     src/ASF/sam/drivers/pmc/pmc.o
pmc_osc_is_ready_32kxtal                          src/ASF/sam/drivers/pmc/pmc.o
pmc_osc_is_ready_fastrc                           src/ASF/sam/drivers/pmc/pmc.o
pmc_osc_is_ready_main_xtal                        src/ASF/sam/drivers/pmc/pmc.o
pmc_osc_is_ready_mainck                           src/ASF/sam/drivers/pmc/pmc.o
                                                  src/ASF/common/services/clock/sam3x/sysclk.o
pmc_pck_set_prescaler                             src/ASF/sam/drivers/pmc/pmc.o
pmc_pck_set_source                                src/ASF/sam/drivers/pmc/pmc.o
pmc_set_fast_startup_input                        src/ASF/sam/drivers/pmc/pmc.o
pmc_set_writeprotect                              src/ASF/sam/drivers/pmc/pmc.o
pmc_sleep                                         src/ASF/sam/drivers/pmc/sleep.o
pmc_switch_mainck_to_fastrc                       src/ASF/sam/drivers/pmc/pmc.o
pmc_switch_mainck_to_xtal                         src/ASF/sam/drivers/pmc/pmc.o
                                                  src/ASF/common/services/clock/sam3x/sysclk.o
pmc_switch_mck_to_mainck                          src/ASF/sam/drivers/pmc/pmc.o
pmc_switch_mck_to_pllack                          src/ASF/sam/drivers/pmc/pmc.o
                                                  src/ASF/common/services/clock/sam3x/sysclk.o
pmc_switch_mck_to_sclk                            src/ASF/sam/drivers/pmc/pmc.o
pmc_switch_mck_to_upllck                          src/ASF/sam/drivers/pmc/pmc.o
pmc_switch_pck_to_mainck                          src/ASF/sam/drivers/pmc/pmc.o
pmc_switch_pck_to_mck                             src/ASF/sam/drivers/pmc/pmc.o
pmc_switch_pck_to_pllack                          src/ASF/sam/drivers/pmc/pmc.o
pmc_switch_pck_to_sclk                            src/ASF/sam/drivers/pmc/pmc.o
pmc_switch_pck_to_upllck                          src/ASF/sam/drivers/pmc/pmc.o
pmc_switch_sclk_to_32kxtal                        src/ASF/sam/drivers/pmc/pmc.o
pmc_switch_udpck_to_pllack                        src/ASF/sam/drivers/pmc/pmc.o
pmc_switch_udpck_to_upllck                        src/ASF/sam/drivers/pmc/pmc.o
                                                  src/ASF/common/services/clock/sam3x/sysclk.o
pmc_wait_wakeup_clocks_restore                    src/ASF/sam/drivers/pmc/sleep.o
portable_delay_cycles                             src/ASF/common/services/delay/sam/cycle_counter.o
                                                  src/main.o
rx_buffer                                         src/uart.o
snprintf                                          src/printf-stdarg.o
software_init_hook                                c:/program files (x86)/atmel/studio/7.0/toolchain/arm/arm-gnu-toolchain/bin/../lib/gcc/arm-none-eabi/6.3.1/../../../../arm-none-eabi/lib/thumb/v7-m/crt0.o
sprintf                                           src/printf-stdarg.o
sysclk_disable_usb                                src/ASF/common/services/clock/sam3x/sysclk.o
sysclk_enable_usb                                 src/ASF/common/services/clock/sam3x/sysclk.o
sysclk_init                                       src/ASF/common/services/clock/sam3x/sysclk.o
                                                  src/main.o
sysclk_set_prescalers                             src/ASF/common/services/clock/sam3x/sysclk.o
sysclk_set_source                                 src/ASF/common/services/clock/sam3x/sysclk.o
system_init_flash                                 src/ASF/sam/utils/cmsis/sam3x/source/templates/system_sam3x.o
                                                  src/ASF/common/services/clock/sam3x/sysclk.o
uart_getchar                                      src/uart.o
uart_putchar                                      src/uart.o
                                                  src/main.o
                                                  src/printf-stdarg.o
