Archive member included to satisfy reference by file (symbol)

c:/program files (x86)/atmel/studio/7.0/toolchain/arm/arm-gnu-toolchain/bin/../lib/gcc/arm-none-eabi/6.3.1/../../../../arm-none-eabi/lib/thumb/v7-m\libc.a(lib_a-exit.o)
                              c:/program files (x86)/atmel/studio/7.0/toolchain/arm/arm-gnu-toolchain/bin/../lib/gcc/arm-none-eabi/6.3.1/../../../../arm-none-eabi/lib/thumb/v7-m/crt0.o (exit)
c:/program files (x86)/atmel/studio/7.0/toolchain/arm/arm-gnu-toolchain/bin/../lib/gcc/arm-none-eabi/6.3.1/../../../../arm-none-eabi/lib/thumb/v7-m\libc.a(lib_a-impure.o)
                              c:/program files (x86)/atmel/studio/7.0/toolchain/arm/arm-gnu-toolchain/bin/../lib/gcc/arm-none-eabi/6.3.1/../../../../arm-none-eabi/lib/thumb/v7-m\libc.a(lib_a-exit.o) (_global_impure_ptr)
c:/program files (x86)/atmel/studio/7.0/toolchain/arm/arm-gnu-toolchain/bin/../lib/gcc/arm-none-eabi/6.3.1/../../../../arm-none-eabi/lib/thumb/v7-m\libc.a(lib_a-init.o)
                              c:/program files (x86)/atmel/studio/7.0/toolchain/arm/arm-gnu-toolchain/bin/../lib/gcc/arm-none-eabi/6.3.1/../../../../arm-none-eabi/lib/thumb/v7-m/crt0.o (__libc_init_array)
c:/program files (x86)/atmel/studio/7.0/toolchain/arm/arm-gnu-toolchain/bin/../lib/gcc/arm-none-eabi/6.3.1/../../../../arm-none-eabi/lib/thumb/v7-m\libc.a(lib_a-memset.o)
                              c:/program files (x86)/atmel/studio/7.0/toolchain/arm/arm-gnu-toolchain/bin/../lib/gcc/arm-none-eabi/6.3.1/../../../../arm-none-eabi/lib/thumb/v7-m/crt0.o (memset)
c:/program files (x86)/atmel/studio/7.0/toolchain/arm/arm-gnu-toolchain/bin/../lib/gcc/arm-none-eabi/6.3.1/../../../../arm-none-eabi/lib/thumb/v7-m\libc.a(lib_a-__call_atexit.o)
                              c:/program files (x86)/atmel/studio/7.0/toolchain/arm/arm-gnu-toolchain/bin/../lib/gcc/arm-none-eabi/6.3.1/../../../../arm-none-eabi/lib/thumb/v7-m\libc.a(lib_a-exit.o) (__call_exitprocs)
c:/program files (x86)/atmel/studio/7.0/toolchain/arm/arm-gnu-toolchain/bin/../lib/gcc/arm-none-eabi/6.3.1/../../../../arm-none-eabi/lib/thumb/v7-m\libc.a(lib_a-atexit.o)
                              c:/program files (x86)/atmel/studio/7.0/toolchain/arm/arm-gnu-toolchain/bin/../lib/gcc/arm-none-eabi/6.3.1/../../../../arm-none-eabi/lib/thumb/v7-m\libc.a(lib_a-__call_atexit.o) (atexit)
c:/program files (x86)/atmel/studio/7.0/toolchain/arm/arm-gnu-toolchain/bin/../lib/gcc/arm-none-eabi/6.3.1/../../../../arm-none-eabi/lib/thumb/v7-m\libc.a(lib_a-fini.o)
                              c:/program files (x86)/atmel/studio/7.0/toolchain/arm/arm-gnu-toolchain/bin/../lib/gcc/arm-none-eabi/6.3.1/../../../../arm-none-eabi/lib/thumb/v7-m\libc.a(lib_a-__call_atexit.o) (__libc_fini_array)
c:/program files (x86)/atmel/studio/7.0/toolchain/arm/arm-gnu-toolchain/bin/../lib/gcc/arm-none-eabi/6.3.1/../../../../arm-none-eabi/lib/thumb/v7-m\libc.a(lib_a-lock.o)
                              c:/program files (x86)/atmel/studio/7.0/toolchain/arm/arm-gnu-toolchain/bin/../lib/gcc/arm-none-eabi/6.3.1/../../../../arm-none-eabi/lib/thumb/v7-m\libc.a(lib_a-__call_atexit.o) (__retarget_lock_acquire_recursive)
c:/program files (x86)/atmel/studio/7.0/toolchain/arm/arm-gnu-toolchain/bin/../lib/gcc/arm-none-eabi/6.3.1/../../../../arm-none-eabi/lib/thumb/v7-m\libc.a(lib_a-__atexit.o)
                              c:/program files (x86)/atmel/studio/7.0/toolchain/arm/arm-gnu-toolchain/bin/../lib/gcc/arm-none-eabi/6.3.1/../../../../arm-none-eabi/lib/thumb/v7-m\libc.a(lib_a-atexit.o) (__register_exitproc)

Allocating common symbols
Common symbol       size              file

__lock___atexit_recursive_mutex
                    0x1               c:/program files (x86)/atmel/studio/7.0/toolchain/arm/arm-gnu-toolchain/bin/../lib/gcc/arm-none-eabi/6.3.1/../../../../arm-none-eabi/lib/thumb/v7-m\libc.a(lib_a-lock.o)
__lock___arc4random_mutex
                    0x1               c:/program files (x86)/atmel/studio/7.0/toolchain/arm/arm-gnu-toolchain/bin/../lib/gcc/arm-none-eabi/6.3.1/../../../../arm-none-eabi/lib/thumb/v7-m\libc.a(lib_a-lock.o)
pid                 0x10              can_interrupt.o
__lock___env_recursive_mutex
                    0x1               c:/program files (x86)/atmel/studio/7.0/toolchain/arm/arm-gnu-toolchain/bin/../lib/gcc/arm-none-eabi/6.3.1/../../../../arm-none-eabi/lib/thumb/v7-m\libc.a(lib_a-lock.o)
__lock___sinit_recursive_mutex
                    0x1               c:/program files (x86)/atmel/studio/7.0/toolchain/arm/arm-gnu-toolchain/bin/../lib/gcc/arm-none-eabi/6.3.1/../../../../arm-none-eabi/lib/thumb/v7-m\libc.a(lib_a-lock.o)
__lock___malloc_recursive_mutex
                    0x1               c:/program files (x86)/atmel/studio/7.0/toolchain/arm/arm-gnu-toolchain/bin/../lib/gcc/arm-none-eabi/6.3.1/../../../../arm-none-eabi/lib/thumb/v7-m\libc.a(lib_a-lock.o)
rx_buffer           0x42              uart.o
buttons             0x1               can_interrupt.o
__lock___at_quick_exit_mutex
[...]
Memory Configuration

Name             Origin             Length             Attributes
rom              0x00080000         0x00080000         xr
ram              0x20000000         0x00018000         xrw
*default*        0x00000000         0xffffffff

Linker script and memory map

LOAD c:/program files (x86)/atmel/studio/7.0/toolchain/arm/arm-gnu-toolchain/bin/../lib/gcc/arm-none-eabi/6.3.1/thumb/v7-m/crti.o
LOAD c:/program files (x86)/atmel/studio/7.0/toolchain/arm/arm-gnu-toolchain/bin/../lib/gcc/arm-none-eabi/6.3.1/thumb/v7-m/crtbegin.o
LOAD c:/program files (x86)/atmel/studio/7.0/toolchain/arm/arm-gnu-toolchain/bin/../lib/gcc/arm-none-eabi/6.3.1/../../../../arm-none-eabi/lib/thumb/v7-m/crt0.o
LOAD ADC.o
LOAD can_controller.o
LOAD can_interrupt.o
LOAD delay.o
LOAD Device_Startup/startup_sam3xa.o
LOAD Device_Startup/system_sam3xa.o
LOAD main.o
LOAD motor.o
LOAD PI.o
LOAD printf-stdarg.o
LOAD PWM.o
LOAD solenoid.o
LOAD uart.o
START GROUP
LOAD c:/program files (x86)/atmel/studio/7.0/toolchain/arm/arm-gnu-toolchain/bin/../lib/gcc/arm-none-eabi/6.3.1/../../../../arm-none-eabi/lib/thumb/v7-m\libm.a
END GROUP
START GROUP
LOAD c:/program files (x86)/atmel/studio/7.0/toolchain/arm/arm-gnu-toolchain/bin/../lib/gcc/arm-none-eabi/6.3.1/thumb/v7-m\libgcc.a
LOAD c:/program files (x86)/atmel/studio/7.0/toolchain/arm/arm-gnu-toolchain/bin/../lib/gcc/arm-none-eabi/6.3.1/../../../../arm-none-eabi/lib/thumb/v7-m\libc.a
END GROUP
LOAD c:/program files (x86)/atmel/studio/7.0/toolchain/arm/arm-gnu-toolchain/bin/../lib/gcc/arm-none-eabi/6.3.1/thumb/v7-m/crtend.o
LOAD c:/program files (x86)/atmel/studio/7.0/toolchain/arm/arm-gnu-toolchain/bin/../lib/gcc/arm-none-eabi/6.3.1/thumb/v7-m/crtn.o
                0x00000400                STACK_SIZE = DEFINED (STACK_SIZE)?STACK_SIZE:0x400
                0x00000200                HEAP_SIZE = DEFINED (HEAP_SIZE)?HEAP_SIZE:0x200

.text           0x00080000      0xe5c
                0x00080000                . = ALIGN (0x4)
                0x00080000                _sfixed = .
 *(.vectors .vectors.*)
 .vectors       0x00080000       0xf4 Device_Startup/startup_sam3xa.o
                0x00080000                exception_table
 *(.text .text.* .gnu.linkonce.t.*)
 .text          0x000800f4       0x6c c:/program files (x86)/atmel/studio/7.0/toolchain/arm/arm-gnu-toolchain/bin/../lib/gcc/arm-none-eabi/6.3.1/thumb/v7-m/crtbegin.o
 .text.ADC_init
                0x00080160       0x34 ADC.o
                0x00080160                ADC_init
 .text.ADC_check_goal
                0x00080194       0x14 ADC.o
                0x00080194                ADC_check_goal
 .text.can_init
                0x000801a8       0xf0 can_controller.o
                0x000801a8                can_init
 .text.can_init_def_tx_rx_mb
                0x00080298       0x10 can_controller.o
                0x00080298                can_init_def_tx_rx_mb
 .text.can_send
                0x000802a8       0xa4 can_controller.o
                0x000802a8                can_send
 .text.can_receive
                0x0008034c       0x84 can_controller.o
                0x0008034c                can_receive
 .text.CAN0_Handler
                0x000803d0       0xac can_interrupt.o
                0x000803d0                CAN0_Handler
 .text.Dummy_Handler
                0x0008047c        0x2 Device_Startup/startup_sam3xa.o
                0x0008047c                DACC_Handler
                0x0008047c                DebugMon_Handler
                0x0008047c                DMAC_Handler
                0x0008047c                TRNG_Handler
                0x0008047c                HardFault_Handler
                0x0008047c                TC2_Handler
                0x0008047c                SysTick_Handler
                0x0008047c                USART3_Handler
                0x0008047c                TWI1_Handler
                0x0008047c                PendSV_Handler
                0x0008047c                NMI_Handler
                0x0008047c                TC7_Handler
                0x0008047c                ADC_Handler
                0x0008047c                SMC_Handler
                0x0008047c                USART0_Handler
                0x0008047c                RTT_Handler
                0x0008047c                EFC1_Handler
                0x0008047c                PIOB_Handler
                0x0008047c                RTC_Handler
                0x0008047c                UsageFault_Handler
                0x0008047c                TC6_Handler
                0x0008047c                WDT_Handler
                0x0008047c                TC4_Handler
                0x0008047c                TC1_Handler
                0x0008047c                HSMCI_Handler
                0x0008047c                TC3_Handler
                0x0008047c                Dummy_Handler
                0x0008047c                TWI0_Handler
                0x0008047c                USART1_Handler
                0x0008047c                PIOA_Handler
                0x0008047c                SSC_Handler
                0x0008047c                EFC0_Handler
                0x0008047c                PMC_Handler
                0x0008047c                PWM_Handler
                0x0008047c                CAN1_Handler
                0x0008047c                MemManage_Handler
                0x0008047c                SUPC_Handler
                0x0008047c                SVC_Handler
                0x0008047c                TC8_Handler
                0x0008047c                USART2_Handler
                0x0008047c                PIOD_Handler
                0x0008047c                EMAC_Handler
                0x0008047c                PIOC_Handler
                0x0008047c                BusFault_Handler
                0x0008047c                RSTC_Handler
                0x0008047c                TC0_Handler
                0x0008047c                TC5_Handler
                0x0008047c                UOTGHS_Handler
                0x0008047c                SPI0_Handler
 *fill*         0x0008047e        0x2 
 .text.Reset_Handler
                0x00080480       0x88 Device_Startup/startup_sam3xa.o
                0x00080480                Reset_Handler
 .text.SystemInit
                0x00080508       0xa4 Device_Startup/system_sam3xa.o
                0x00080508                SystemInit
 .text.main     0x000805ac       0xe0 main.o
                0x000805ac                main
 .text.motor_init
                0x0008068c       0x94 motor.o
                0x0008068c                motor_init
 .text.motor_set_direction
                0x00080720       0x20 motor.o
                0x00080720                motor_set_direction
 .text.motor_set_speed
                0x00080740       0x18 motor.o
                0x00080740                motor_set_speed
 .text.motor_set_direction_speed
                0x00080758       0x18 motor.o
                0x00080758                motor_set_direction_speed
 .text.PI_init  0x00080770        0xc PI.o
                0x00080770                PI_init
 .text.prints   0x0008077c       0xac printf-stdarg.o
 .text.printi   0x00080828       0xbc printf-stdarg.o
 .text.print    0x000808e4      0x160 printf-stdarg.o
 .text.printf   0x00080a44       0x24 printf-stdarg.o
                0x00080a44                printf
 .text.PWM_init
                0x00080a68       0x54 PWM.o
                0x00080a68                PWM_init
 .text.PWM_set_value
                0x00080abc       0x3c PWM.o
                0x00080abc                PWM_set_value
 .text.solenoid_init
                0x00080af8       0x20 solenoid.o
                0x00080af8                solenoid_init
 .text.solenoid_routine
                0x00080b18       0x20 solenoid.o
                0x00080b18                solenoid_routine
 .text.configure_uart
                0x00080b38       0x68 uart.o
                0x00080b38                configure_uart
 .text.uart_putchar
                0x00080ba0       0x24 uart.o
                0x00080ba0                uart_putchar
 .text.UART_Handler
                0x00080bc4       0x68 uart.o
                0x00080bc4                UART_Handler
 .text.__libc_init_array
                0x00080c2c       0x50 c:/program files (x86)/atmel/studio/7.0/toolchain/arm/arm-gnu-toolchain/bin/../lib/gcc/arm-none-eabi/6.3.1/../../../../arm-none-eabi/lib/thumb/v7-m\libc.a(lib_a-init.o)
                0x00080c2c                __libc_init_array
 .text.startup.register_fini
                0x00080c7c       0x14 c:/program files (x86)/atmel/studio/7.0/toolchain/arm/arm-gnu-toolchain/bin/../lib/gcc/arm-none-eabi/6.3.1/../../../../arm-none-eabi/lib/thumb/v7-m\libc.a(lib_a-__call_atexit.o)
 .text.atexit   0x00080c90        0xc c:/program files (x86)/atmel/studio/7.0/toolchain/arm/arm-gnu-toolchain/bin/../lib/gcc/arm-none-eabi/6.3.1/../../../../arm-none-eabi/lib/thumb/v7-m\libc.a(lib_a-atexit.o)
                0x00080c90                atexit
 .text.__libc_fini_array
                0x00080c9c       0x34 c:/program files (x86)/atmel/studio/7.0/toolchain/arm/arm-gnu-toolchain/bin/../lib/gcc/arm-none-eabi/6.3.1/../../../../arm-none-eabi/lib/thumb/v7-m\libc.a(lib_a-fini.o)
                0x00080c9c                __libc_fini_array
 .text.__retarget_lock_acquire_recursive
                0x00080cd0        0x4 c:/program files (x86)/atmel/studio/7.0/toolchain/arm/arm-gnu-toolchain/bin/../lib/gcc/arm-none-eabi/6.3.1/../../../../arm-none-eabi/lib/thumb/v7-m\libc.a(lib_a-lock.o)
                0x00080cd0                __retarget_lock_acquire_recursive
 .text.__retarget_lock_release_recursive
                0x00080cd4        0x4 c:/program files (x86)/atmel/studio/7.0/toolchain/arm/arm-gnu-toolchain/bin/../lib/gcc/arm-none-eabi/6.3.1/../../../../arm-none-eabi/lib/thumb/v7-m\libc.a(lib_a-lock.o)
                0x00080cd4                __retarget_lock_release_recursive
 .text.__register_exitproc
                0x00080cd8       0xc4 c:/program files (x86)/atmel/studio/7.0/toolchain/arm/arm-gnu-toolchain/bin/../lib/gcc/arm-none-eabi/6.3.1/../../../../arm-none-eabi/lib/thumb/v7-m\libc.a(lib_a-__atexit.o)
                0x00080cd8                __register_exitproc
 *(.glue_7t)
 .glue_7t       0x00080d9c        0x0 linker stubs
 *(.glue_7)
 .glue_7        0x00080d9c        0x0 linker stubs
 *(.rodata .rodata* .gnu.linkonce.r.*)
 .rodata.str1.4
                0x00080d9c       0x25 can_controller.o
 *fill*         0x00080dc1        0x3 
 .rodata.str1.4
                0x00080dc4       0x2b can_interrupt.o
 *fill*         0x00080def        0x1 
 .rodata.str1.4
                0x00080df0       0x19 main.o
 *fill*         0x00080e09        0x3 
 .rodata.str1.4
                0x00080e0c        0x7 printf-stdarg.o
 *fill*         0x00080e13        0x1 
 .rodata.str1.4
                0x00080e14       0x20 uart.o
                                 0x1e (size before relaxing)
 .rodata._global_impure_ptr
                0x00080e34        0x4 c:/program files (x86)/atmel/studio/7.0/toolchain/arm/arm-gnu-toolchain/bin/../lib/gcc/arm-none-eabi/6.3.1/../../../../arm-none-eabi/lib/thumb/v7-m\libc.a(lib_a-impure.o)
                0x00080e34                _global_impure_ptr
 *(.ARM.extab* .gnu.linkonce.armextab.*)
                0x00080e38                . = ALIGN (0x4)
 *(.init)
 .init          0x00080e38        0x4 c:/program files (x86)/atmel/studio/7.0/toolchain/arm/arm-gnu-toolchain/bin/../lib/gcc/arm-none-eabi/6.3.1/thumb/v7-m/crti.o
                0x00080e38                _init
 .init          0x00080e3c        0x8 c:/program files (x86)/atmel/studio/7.0/toolchain/arm/arm-gnu-toolchain/bin/../lib/gcc/arm-none-eabi/6.3.1/thumb/v7-m/crtn.o
                0x00080e44                . = ALIGN (0x4)
                0x00080e44                __preinit_array_start = .
 *(.preinit_array)
                0x00080e44                __preinit_array_end = .
                0x00080e44                . = ALIGN (0x4)
                0x00080e44                __init_array_start = .
 *(SORT(.init_array.*))
 .init_array.00000
                0x00080e44        0x4 c:/program files (x86)/atmel/studio/7.0/toolchain/arm/arm-gnu-toolchain/bin/../lib/gcc/arm-none-eabi/6.3.1/../../../../arm-none-eabi/lib/thumb/v7-m\libc.a(lib_a-__call_atexit.o)
 *(.init_array)
 .init_array    0x00080e48        0x4 c:/program files (x86)/atmel/studio/7.0/toolchain/arm/arm-gnu-toolchain/bin/../lib/gcc/arm-none-eabi/6.3.1/thumb/v7-m/crtbegin.o
                0x00080e4c                __init_array_end = .
                0x00080e4c                . = ALIGN (0x4)
 *crtbegin.o(.ctors)
 *(EXCLUDE_FILE(*crtend.o) .ctors)
 *(SORT(.ctors.*))
 *crtend.o(.ctors)
                0x00080e4c                . = ALIGN (0x4)
 *(.fini)
 .fini          0x00080e4c        0x4 c:/program files (x86)/atmel/studio/7.0/toolchain/arm/arm-gnu-toolchain/bin/../lib/gcc/arm-none-eabi/6.3.1/thumb/v7-m/crti.o
                0x00080e4c                _fini
 .fini          0x00080e50        0x8 c:/program files (x86)/atmel/studio/7.0/toolchain/arm/arm-gnu-toolchain/bin/../lib/gcc/arm-none-eabi/6.3.1/thumb/v7-m/crtn.o
                0x00080e58                . = ALIGN (0x4)
                0x00080e58                __fini_array_start = .
 *(.fini_array)
 .fini_array    0x00080e58        0x4 c:/program files (x86)/atmel/studio/7.0/toolchain/arm/arm-gnu-toolchain/bin/../lib/gcc/arm-none-eabi/6.3.1/thumb/v7-m/crtbegin.o
 *(SORT(.fini_array.*))
                0x00080e5c                __fini_array_end = .
 *crtbegin.o(.dtors)
 *(EXCLUDE_FILE(*crtend.o) .dtors)
 *(SORT(.dtors.*))
 *crtend.o(.dtors)
                0x00080e5c                . = ALIGN (0x4)
                0x00080e5c                _efixed = .
                [!provide]                PROVIDE (__exidx_start, .)

.vfp11_veneer   0x00080e5c        0x0
 .vfp11_veneer  0x00080e5c        0x0 linker stubs

.v4_bx          0x00080e5c        0x0
 .v4_bx         0x00080e5c        0x0 linker stubs

.iplt           0x00080e5c        0x0
 .iplt          0x00080e5c        0x0 c:/program files (x86)/atmel/studio/7.0/toolchain/arm/arm-gnu-toolchain/bin/../lib/gcc/arm-none-eabi/6.3.1/thumb/v7-m/crtbegin.o

.eh_frame       0x00080e5c        0x0
 .eh_frame      0x00080e5c        0x0 c:/program files (x86)/atmel/studio/7.0/toolchain/arm/arm-gnu-toolchain/bin/../lib/gcc/arm-none-eabi/6.3.1/thumb/v7-m/crtbegin.o

.rel.dyn        0x00080e5c        0x0
 .rel.iplt      0x00080e5c        0x0 c:/program files (x86)/atmel/studio/7.0/toolchain/arm/arm-gnu-toolchain/bin/../lib/gcc/arm-none-eabi/6.3.1/thumb/v7-m/crtbegin.o

.jcr            0x00080e5c        0x0
 .jcr           0x00080e5c        0x0 c:/program files (x86)/atmel/studio/7.0/toolchain/arm/arm-gnu-toolchain/bin/../lib/gcc/arm-none-eabi/6.3.1/thumb/v7-m/crtbegin.o

.igot.plt       0x00080e5c        0x0
 .igot.plt      0x00080e5c        0x0 c:/program files (x86)/atmel/studio/7.0/toolchain/arm/arm-gnu-toolchain/bin/../lib/gcc/arm-none-eabi/6.3.1/thumb/v7-m/crtbegin.o

.ARM.exidx
 *(.ARM.exidx* .gnu.linkonce.armexidx.*)
                [!provide]                PROVIDE (__exidx_end, .)
                0x00080e5c                . = ALIGN (0x4)
                0x00080e5c                _etext = .

.relocate       0x20000000      0x434 load address 0x00080e5c
                0x20000000                . = ALIGN (0x4)
                0x20000000                _srelocate = .
 *(.ramfunc .ramfunc.*)
 *(.data .data.*)
 .data          0x20000000        0x4 Device_Startup/system_sam3xa.o
                0x20000000                SystemCoreClock
 *fill*         0x20000004        0x4 
 .data.impure_data
                0x20000008      0x428 c:/program files (x86)/atmel/studio/7.0/toolchain/arm/arm-gnu-toolchain/bin/../lib/gcc/arm-none-eabi/6.3.1/../../../../arm-none-eabi/lib/thumb/v7-m\libc.a(lib_a-impure.o)
 .data.__atexit_recursive_mutex
                0x20000430        0x4 c:/program files (x86)/atmel/studio/7.0/toolchain/arm/arm-gnu-toolchain/bin/../lib/gcc/arm-none-eabi/6.3.1/../../../../arm-none-eabi/lib/thumb/v7-m\libc.a(lib_a-__call_atexit.o)
                0x20000430                __atexit_recursive_mutex
                0x20000434                . = ALIGN (0x4)
                0x20000434                _erelocate = .

.bss            0x20000434       0x9c load address 0x00081290
                0x20000434                . = ALIGN (0x4)
                0x20000434                _sbss = .
                0x20000434                _szero = .
 *(.bss .bss.*)
 .bss           0x20000434       0x1c c:/program files (x86)/atmel/studio/7.0/toolchain/arm/arm-gnu-toolchain/bin/../lib/gcc/arm-none-eabi/6.3.1/thumb/v7-m/crtbegin.o
 .bss           0x20000450        0x1 can_interrupt.o
                0x20000450                step_position
 .bss           0x20000451        0x2 main.o
                0x20000451                game_pause
                0x20000452                score
 *(COMMON)
 *fill*         0x20000453        0x1 
 COMMON         0x20000454       0x11 can_interrupt.o
                0x20000454                pid
                0x20000464                buttons
 *fill*         0x20000465        0x3 
 COMMON         0x20000468       0x42 uart.o
                0x20000468                rx_buffer
 *fill*         0x200004aa        0x2 
 COMMON         0x200004ac       0x21 c:/program files (x86)/atmel/studio/7.0/toolchain/arm/arm-gnu-toolchain/bin/../lib/gcc/arm-none-eabi/6.3.1/../../../../arm-none-eabi/lib/thumb/v7-m\libc.a(lib_a-lock.o)
                0x200004ac                __lock___atexit_recursive_mutex
                0x200004b0                __lock___arc4random_mutex
                0x200004b4                __lock___env_recursive_mutex
                0x200004b8                __lock___sinit_recursive_mutex
                0x200004bc                __lock___malloc_recursive_mutex
                0x200004c0                __lock___at_quick_exit_mutex
                0x200004c4                __lock___dd_hash_mutex
                0x200004c8                __lock___tz_mutex
                0x200004cc                __lock___sfp_recursive_mutex
                0x200004d0                . = ALIGN (0x4)
 *fill*         0x200004cd        0x3 
                0x200004d0                _ebss = .
                0x200004d0                _ezero = .

.stack          0x200004d0      0x400 load address 0x0008132c
                0x200004d0                . = ALIGN (0x8)
                0x200004d0                _sstack = .
                0x200008d0                . = (. + STACK_SIZE)
 *fill*         0x200004d0      0x400 
                0x200008d0                . = ALIGN (0x8)
                0x200008d0                _estack = .

.heap           0x200008d0      0x200 load address 0x0008172c
                0x200008d0                . = ALIGN (0x8)
                0x200008d0                _sheap = .
                0x20000ad0                . = (. + HEAP_SIZE)
 *fill*         0x200008d0      0x200 
                0x20000ad0                . = ALIGN (0x8)
                0x20000ad0                _eheap = .
                0x20000ad0                . = ALIGN (0x4)
                0x20000ad0                _end = .
                0x20017fff                _ram_end_ = ((ORIGIN (ram) + LENGTH (ram)) - 0x1)
OUTPUT(Node2.elf elf32-littlearm)

.ARM.attributes
                0x00000000       0x29
 .ARM.attributes
                0x00000000       0x1d c:/program files (x86)/atmel/studio/7.0/toolchain/arm/arm-gnu-toolchain/bin/../lib/gcc/arm-none-eabi/6.3.1/thumb/v7-m/crti.o
 .ARM.attributes
                0x0000001d       0x2d c:/program files (x86)/atmel/studio/7.0/toolchain/arm/arm-gnu-toolchain/bin/../lib/gcc/arm-none-eabi/6.3.1/thumb/v7-m/crtbegin.o
 .ARM.attributes
                0x0000004a       0x33 ADC.o
 .ARM.attributes
                0x0000007d       0x33 can_controller.o
 .ARM.attributes
                0x000000b0       0x33 can_interrupt.o
 .ARM.attributes
                0x000000e3       0x33 Device_Startup/startup_sam3xa.o
 .ARM.attributes
                0x00000116       0x33 Device_Startup/system_sam3xa.o
 .ARM.attributes
                0x00000149       0x33 main.o
 .ARM.attributes
                0x0000017c       0x33 motor.o
 .ARM.attributes
                0x000001af       0x33 PI.o
 .ARM.attributes
                0x000001e2       0x33 printf-stdarg.o
 .ARM.attributes
                0x00000215       0x33 PWM.o
 .ARM.attributes
                0x00000248       0x33 solenoid.o
 .ARM.attributes
                0x0000027b       0x33 uart.o
 .ARM.attributes
                0x000002ae       0x2d c:/program files (x86)/atmel/studio/7.0/toolchain/arm/arm-gnu-toolchain/bin/../lib/gcc/arm-none-eabi/6.3.1/../../../../arm-none-eabi/lib/thumb/v7-m\libc.a(lib_a-impure.o)
 .ARM.attributes
                0x000002db       0x2d c:/program files (x86)/atmel/studio/7.0/toolchain/arm/arm-gnu-toolchain/bin/../lib/gcc/arm-none-eabi/6.3.1/../../../../arm-none-eabi/lib/thumb/v7-m\libc.a(lib_a-init.o)
 .ARM.attributes
                0x00000308       0x2d c:/program files (x86)/atmel/studio/7.0/toolchain/arm/arm-gnu-toolchain/bin/../lib/gcc/arm-none-eabi/6.3.1/../../../../arm-none-eabi/lib/thumb/v7-m\libc.a(lib_a-__call_atexit.o)
 .ARM.attributes
                0x00000335       0x2d c:/program files (x86)/atmel/studio/7.0/toolchain/arm/arm-gnu-toolchain/bin/../lib/gcc/arm-none-eabi/6.3.1/../../../../arm-none-eabi/lib/thumb/v7-m\libc.a(lib_a-atexit.o)
 .ARM.attributes
                0x00000362       0x2d c:/program files (x86)/atmel/studio/7.0/toolchain/arm/arm-gnu-toolchain/bin/../lib/gcc/arm-none-eabi/6.3.1/../../../../arm-none-eabi/lib/thumb/v7-m\libc.a(lib_a-fini.o)
 .ARM.attributes
                0x0000038f       0x2d c:/program files (x86)/atmel/studio/7.0/toolchain/arm/arm-gnu-toolchain/bin/../lib/gcc/arm-none-eabi/6.3.1/../../../../arm-none-eabi/lib/thumb/v7-m\libc.a(lib_a-lock.o)
 .ARM.attributes
                0x000003bc       0x2d c:/program files (x86)/atmel/studio/7.0/toolchain/arm/arm-gnu-toolchain/bin/../lib/gcc/arm-none-eabi/6.3.1/../../../../arm-none-eabi/lib/thumb/v7-m\libc.a(lib_a-__atexit.o)
 .ARM.attributes
                0x000003e9       0x1d c:/program files (x86)/atmel/studio/7.0/toolchain/arm/arm-gnu-toolchain/bin/../lib/gcc/arm-none-eabi/6.3.1/thumb/v7-m/crtn.o

.comment        0x00000000       0x59
 .comment       0x00000000       0x59 ADC.o
                                 0x5a (size before relaxing)
 .comment       0x00000059       0x5a can_controller.o
 .comment       0x00000059       0x5a can_interrupt.o
 .comment       0x00000059       0x5a Device_Startup/startup_sam3xa.o
 .comment       0x00000059       0x5a Device_Startup/system_sam3xa.o
 .comment       0x00000059       0x5a main.o
 .comment       0x00000059       0x5a motor.o
 .comment       0x00000059       0x5a PI.o
 .comment       0x00000059       0x5a printf-stdarg.o
 .comment       0x00000059       0x5a PWM.o
 .comment       0x00000059       0x5a solenoid.o
 .comment       0x00000059       0x5a uart.o

.debug_info     0x00000000     0x6fef
 .debug_info    0x00000000      0xf36 ADC.o
 .debug_info    0x00000f36      0xdbb can_controller.o
 .debug_info    0x00001cf1     0x1079 can_interrupt.o
 .debug_info    0x00002d6a      0x74e Device_Startup/startup_sam3xa.o
 .debug_info    0x000034b8      0x444 Device_Startup/system_sam3xa.o
 .debug_info    0x000038fc     0x10aa main.o
 .debug_info    0x000049a6      0xb50 motor.o
 .debug_info    0x000054f6      0x193 PI.o
 .debug_info    0x00005689      0x65f printf-stdarg.o
 .debug_info    0x00005ce8      0x204 PWM.o
 .debug_info    0x00005eec      0x4b8 solenoid.o
 .debug_info    0x000063a4      0xc4b uart.o

.debug_abbrev   0x00000000     0x1480
 .debug_abbrev  0x00000000      0x23b ADC.o
 .debug_abbrev  0x0000023b      0x227 can_controller.o
 .debug_abbrev  0x00000462      0x2db can_interrupt.o
 .debug_abbrev  0x0000073d      0x153 Device_Startup/startup_sam3xa.o
 .debug_abbrev  0x00000890      0x102 Device_Startup/system_sam3xa.o
 .debug_abbrev  0x00000992      0x26c main.o
 .debug_abbrev  0x00000bfe      0x1b1 motor.o
 .debug_abbrev  0x00000daf       0xb5 PI.o
 .debug_abbrev  0x00000e64      0x1e6 printf-stdarg.o
 .debug_abbrev  0x0000104a      0x115 PWM.o
 .debug_abbrev  0x0000115f       0xe6 solenoid.o
 .debug_abbrev  0x00001245      0x23b uart.o

.debug_loc      0x00000000     0x13f4
 .debug_loc     0x00000000       0x20 ADC.o
 .debug_loc     0x00000020      0x306 can_controller.o
 .debug_loc     0x00000326       0x78 can_interrupt.o
 .debug_loc     0x0000039e       0x6b Device_Startup/startup_sam3xa.o
 .debug_loc     0x00000409       0x2c main.o
 .debug_loc     0x00000435      0x21d motor.o
 .debug_loc     0x00000652       0x6e PI.o
 .debug_loc     0x000006c0      0xb0a printf-stdarg.o
 .debug_loc     0x000011ca      0x15c PWM.o
 .debug_loc     0x00001326       0xce uart.o

.debug_aranges  0x00000000      0x250
 .debug_aranges
                0x00000000       0x38 ADC.o
 .debug_aranges
                0x00000038       0x38 can_controller.o
 .debug_aranges
                0x00000070       0x20 can_interrupt.o
 .debug_aranges
                0x00000090       0x28 Device_Startup/startup_sam3xa.o
 .debug_aranges
                0x000000b8       0x30 Device_Startup/system_sam3xa.o
 .debug_aranges
                0x000000e8       0x20 main.o
 .debug_aranges
                0x00000108       0x48 motor.o
 .debug_aranges
                0x00000150       0x28 PI.o
 .debug_aranges
                0x00000178       0x48 printf-stdarg.o
 .debug_aranges
                0x000001c0       0x30 PWM.o
 .debug_aranges
                0x000001f0       0x28 solenoid.o
 .debug_aranges
                0x00000218       0x38 uart.o

.debug_ranges   0x00000000      0x1f8
 .debug_ranges  0x00000000       0x28 ADC.o
 .debug_ranges  0x00000028       0x28 can_controller.o
 .debug_ranges  0x00000050       0x28 can_interrupt.o
 .debug_ranges  0x00000078       0x18 Device_Startup/startup_sam3xa.o
 .debug_ranges  0x00000090       0x20 Device_Startup/system_sam3xa.o
 .debug_ranges  0x000000b0       0x10 main.o
 .debug_ranges  0x000000c0       0x58 motor.o
 .debug_ranges  0x00000118       0x18 PI.o
 .debug_ranges  0x00000130       0x68 printf-stdarg.o
 .debug_ranges  0x00000198       0x20 PWM.o
 .debug_ranges  0x000001b8       0x18 solenoid.o
 .debug_ranges  0x000001d0       0x28 uart.o

.debug_macro    0x00000000    0x12bdc
 .debug_macro   0x00000000      0x4a9 ADC.o
 .debug_macro   0x000004a9      0x8b0 ADC.o
 .debug_macro   0x00000d59       0x22 ADC.o
 .debug_macro   0x00000d7b       0x52 ADC.o
 .debug_macro   0x00000dcd       0x8d ADC.o
 .debug_macro   0x00000e5a       0x35 ADC.o
 .debug_macro   0x00000e8f       0x9c ADC.o
 .debug_macro   0x00000f2b       0x16 ADC.o
 .debug_macro   0x00000f41       0x57 ADC.o
 .debug_macro   0x00000f98       0x97 ADC.o
 .debug_macro   0x0000102f      0x353 ADC.o
 .debug_macro   0x00001382       0xf6 ADC.o
 .debug_macro   0x00001478       0x10 ADC.o
 .debug_macro   0x00001488       0x58 ADC.o
 .debug_macro   0x000014e0       0x1f ADC.o
 .debug_macro   0x000014ff       0x43 ADC.o
 .debug_macro   0x00001542       0x20 ADC.o
 .debug_macro   0x00001562      0x187 ADC.o
 .debug_macro   0x000016e9       0x10 ADC.o
 .debug_macro   0x000016f9       0x6a ADC.o
 .debug_macro   0x00001763       0x1c ADC.o
 .debug_macro   0x0000177f       0x52 ADC.o
 .debug_macro   0x000017d1       0x40 ADC.o
 .debug_macro   0x00001811       0x10 ADC.o
 .debug_macro   0x00001821       0x40 ADC.o
 .debug_macro   0x00001861       0xd7 ADC.o
 .debug_macro   0x00001938       0x16 ADC.o
 .debug_macro   0x0000194e      0x18b ADC.o
 .debug_macro   0x00001ad9       0xef ADC.o
 .debug_macro   0x00001bc8      0x1df ADC.o
 .debug_macro   0x00001da7       0x20 ADC.o
 .debug_macro   0x00001dc7       0x28 ADC.o
 .debug_macro   0x00001def       0x93 ADC.o
 .debug_macro   0x00001e82      0xe18 ADC.o
 .debug_macro   0x00002c9a      0xa7d ADC.o
 .debug_macro   0x00003717      0x55a ADC.o
 .debug_macro   0x00003c71      0x1a8 ADC.o
 .debug_macro   0x00003e19      0x30b ADC.o
 .debug_macro   0x00004124      0x709 ADC.o
 .debug_macro   0x0000482d       0xd6 ADC.o
 .debug_macro   0x00004903      0x56c ADC.o
 .debug_macro   0x00004e6f       0x1c ADC.o
 .debug_macro   0x00004e8b      0x678 ADC.o
 .debug_macro   0x00005503      0x51e ADC.o
 .debug_macro   0x00005a21       0xbe ADC.o
 .debug_macro   0x00005adf     0x2333 ADC.o
 .debug_macro   0x00007e12      0x7d1 ADC.o
 .debug_macro   0x000085e3      0xdbb ADC.o
 .debug_macro   0x0000939e       0x9a ADC.o
 .debug_macro   0x00009438      0x29c ADC.o
 .debug_macro   0x000096d4       0x58 ADC.o
 .debug_macro   0x0000972c      0x999 ADC.o
 .debug_macro   0x0000a0c5      0x22d ADC.o
 .debug_macro   0x0000a2f2      0x4b4 ADC.o
 .debug_macro   0x0000a7a6      0x64a ADC.o
 .debug_macro   0x0000adf0      0x590 ADC.o
 .debug_macro   0x0000b380       0x46 ADC.o
 .debug_macro   0x0000b3c6      0x33f ADC.o
 .debug_macro   0x0000b705      0x27e ADC.o
 .debug_macro   0x0000b983     0x14dc ADC.o
 .debug_macro   0x0000ce5f      0x7cf ADC.o
 .debug_macro   0x0000d62e       0x76 ADC.o
 .debug_macro   0x0000d6a4       0x82 ADC.o
 .debug_macro   0x0000d726       0x76 ADC.o
 .debug_macro   0x0000d79c       0x4c ADC.o
 .debug_macro   0x0000d7e8      0x100 ADC.o
 .debug_macro   0x0000d8e8      0x100 ADC.o
 .debug_macro   0x0000d9e8      0x100 ADC.o
 .debug_macro   0x0000dae8       0x88 ADC.o
 .debug_macro   0x0000db70       0x88 ADC.o
 .debug_macro   0x0000dbf8      0x3b4 ADC.o
 .debug_macro   0x0000dfac       0xbe ADC.o
 .debug_macro   0x0000e06a       0xbe ADC.o
 .debug_macro   0x0000e128       0xbe ADC.o
 .debug_macro   0x0000e1e6       0xbe ADC.o
 .debug_macro   0x0000e2a4      0x2b8 ADC.o
 .debug_macro   0x0000e55c      0x118 ADC.o
 .debug_macro   0x0000e674      0x216 ADC.o
 .debug_macro   0x0000e88a      0x216 ADC.o
 .debug_macro   0x0000eaa0       0x2e ADC.o
 .debug_macro   0x0000eace       0xac ADC.o
 .debug_macro   0x0000eb7a      0x13e ADC.o
 .debug_macro   0x0000ecb8       0x7c ADC.o
 .debug_macro   0x0000ed34      0x1f6 ADC.o
 .debug_macro   0x0000ef2a       0x64 ADC.o
 .debug_macro   0x0000ef8e       0xa6 ADC.o
 .debug_macro   0x0000f034       0x7c ADC.o
 .debug_macro   0x0000f0b0       0x16 ADC.o
 .debug_macro   0x0000f0c6       0x22 ADC.o
 .debug_macro   0x0000f0e8       0x22 ADC.o
 .debug_macro   0x0000f10a      0x10c ADC.o
 .debug_macro   0x0000f216      0x10c ADC.o
 .debug_macro   0x0000f322      0x10c ADC.o
 .debug_macro   0x0000f42e      0x10c ADC.o
 .debug_macro   0x0000f53a       0x1c ADC.o
 .debug_macro   0x0000f556       0x2e ADC.o
 .debug_macro   0x0000f584       0x22 ADC.o
 .debug_macro   0x0000f5a6       0x1c ADC.o
 .debug_macro   0x0000f5c2       0x58 ADC.o
 .debug_macro   0x0000f61a       0x10 ADC.o
 .debug_macro   0x0000f62a      0x27a ADC.o
 .debug_macro   0x0000f8a4      0xd34 ADC.o
 .debug_macro   0x000105d8      0x170 ADC.o
 .debug_macro   0x00010748      0x35f can_controller.o
 .debug_macro   0x00010aa7       0x87 can_controller.o
 .debug_macro   0x00010b2e       0x51 can_controller.o
 .debug_macro   0x00010b7f       0x26 can_controller.o
 .debug_macro   0x00010ba5      0x4ef can_interrupt.o
 .debug_macro   0x00011094       0x58 can_interrupt.o
 .debug_macro   0x000110ec       0x1c can_interrupt.o
 .debug_macro   0x00011108       0x1c can_interrupt.o
 .debug_macro   0x00011124      0x351 Device_Startup/startup_sam3xa.o
 .debug_macro   0x00011475      0x363 Device_Startup/system_sam3xa.o
 .debug_macro   0x000117d8      0x4f2 main.o
 .debug_macro   0x00011cca       0x10 main.o
 .debug_macro   0x00011cda      0x36e motor.o
 .debug_macro   0x00012048       0x1c motor.o
 .debug_macro   0x00012064       0x6d PI.o
 .debug_macro   0x000120d1       0x8e printf-stdarg.o
 .debug_macro   0x0001215f       0x58 printf-stdarg.o
 .debug_macro   0x000121b7      0x360 PWM.o
 .debug_macro   0x00012517       0x16 PWM.o
 .debug_macro   0x0001252d      0x35b solenoid.o
 .debug_macro   0x00012888      0x354 uart.o

.debug_line     0x00000000     0x51f8
 .debug_line    0x00000000      0x82b ADC.o
 .debug_line    0x0000082b      0x7be can_controller.o
 .debug_line    0x00000fe9      0x883 can_interrupt.o
 .debug_line    0x0000186c      0x6fe Device_Startup/startup_sam3xa.o
 .debug_line    0x00001f6a      0x774 Device_Startup/system_sam3xa.o
 .debug_line    0x000026de      0x86f main.o
 .debug_line    0x00002f4d      0x775 motor.o
 .debug_line    0x000036c2      0x252 PI.o
 .debug_line    0x00003914      0x3bd printf-stdarg.o
 .debug_line    0x00003cd1      0x6f9 PWM.o
 .debug_line    0x000043ca      0x6e9 solenoid.o
 .debug_line    0x00004ab3      0x745 uart.o

.debug_str      0x00000000    0x5451c
 .debug_str     0x00000000    0x53221 ADC.o
                              0x53488 (size before relaxing)
 .debug_str     0x00053221      0x601 can_controller.o
                              0x4f86b (size before relaxing)
 .debug_str     0x00053822      0x12b can_interrupt.o
                              0x53771 (size before relaxing)
 .debug_str     0x0005394d      0x544 Device_Startup/startup_sam3xa.o
                              0x4f618 (size before relaxing)
 .debug_str     0x00053e91      0x195 Device_Startup/system_sam3xa.o
                              0x4f3ab (size before relaxing)
 .debug_str     0x00054026       0xa3 main.o
                              0x53666 (size before relaxing)
 .debug_str     0x000540c9      0x148 motor.o
                              0x4f5ee (size before relaxing)
 .debug_str     0x00054211       0x3b PI.o
                               0x34cc (size before relaxing)
 .debug_str     0x0005424c      0x174 printf-stdarg.o
                               0x3639 (size before relaxing)
 .debug_str     0x000543c0       0x34 PWM.o
                              0x4f19c (size before relaxing)
 .debug_str     0x000543f4       0x25 solenoid.o
                              0x4f336 (size before relaxing)
 .debug_str     0x00054419      0x103 uart.o
                              0x4f7f5 (size before relaxing)

.debug_frame    0x00000000      0x640
 .debug_frame   0x00000000       0x58 ADC.o
 .debug_frame   0x00000058       0x80 can_controller.o
 .debug_frame   0x000000d8       0x30 can_interrupt.o
 .debug_frame   0x00000108       0x38 Device_Startup/startup_sam3xa.o
 .debug_frame   0x00000140       0x40 Device_Startup/system_sam3xa.o
 .debug_frame   0x00000180       0x30 main.o
 .debug_frame   0x000001b0       0xa8 motor.o
 .debug_frame   0x00000258       0x3c PI.o
 .debug_frame   0x00000294      0x118 printf-stdarg.o
 .debug_frame   0x000003ac       0x4c PWM.o
 .debug_frame   0x000003f8       0x30 solenoid.o
 .debug_frame   0x00000428       0x58 uart.o
 .debug_frame   0x00000480       0x2c c:/program files (x86)/atmel/studio/7.0/toolchain/arm/arm-gnu-toolchain/bin/../lib/gcc/arm-none-eabi/6.3.1/../../../../arm-none-eabi/lib/thumb/v7-m\libc.a(lib_a-init.o)
 .debug_frame   0x000004ac       0x5c c:/program files (x86)/atmel/studio/7.0/toolchain/arm/arm-gnu-toolchain/bin/../lib/gcc/arm-none-eabi/6.3.1/../../../../arm-none-eabi/lib/thumb/v7-m\libc.a(lib_a-__call_atexit.o)
 .debug_frame   0x00000508       0x20 c:/program files (x86)/atmel/studio/7.0/toolchain/arm/arm-gnu-toolchain/bin/../lib/gcc/arm-none-eabi/6.3.1/../../../../arm-none-eabi/lib/thumb/v7-m\libc.a(lib_a-atexit.o)
 .debug_frame   0x00000528       0x34 c:/program files (x86)/atmel/studio/7.0/toolchain/arm/arm-gnu-toolchain/bin/../lib/gcc/arm-none-eabi/6.3.1/../../../../arm-none-eabi/lib/thumb/v7-m\libc.a(lib_a-fini.o)
 .debug_frame   0x0000055c       0xb0 c:/program files (x86)/atmel/studio/7.0/toolchain/arm/arm-gnu-toolchain/bin/../lib/gcc/arm-none-eabi/6.3.1/../../../../arm-none-eabi/lib/thumb/v7-m\libc.a(lib_a-lock.o)
 .debug_frame   0x0000060c       0x34 c:/program files (x86)/atmel/studio/7.0/toolchain/arm/arm-gnu-toolchain/bin/../lib/gcc/arm-none-eabi/6.3.1/../../../../arm-none-eabi/lib/thumb/v7-m\libc.a(lib_a-__atexit.o)
